../Core/Src/main.c:90:5:__io_putchar	16	static
../Core/Src/main.c:95:8:deg2rad	16	static
../Core/Src/main.c:99:8:rad2deg	16	static
../Core/Src/main.c:103:8:calc_distance	88	static
../Core/Src/main.c:150:5:main	296	static
../Core/Src/main.c:498:6:SystemClock_Config	72	static
../Core/Src/main.c:535:13:MX_SPI1_Init	8	static
../Core/Src/main.c:571:13:MX_USART1_UART_Init	8	static
../Core/Src/main.c:602:13:MX_USART2_UART_Init	8	static
../Core/Src/main.c:633:13:MX_GPIO_Init	40	static
../Core/Src/main.c:675:6:Error_Handler	4	static,ignoring_inline_asm
