../Core/Src/main.c:88:5:__io_putchar	16	static
../Core/Src/main.c:93:8:deg2rad	16	static
../Core/Src/main.c:97:8:rad2deg	16	static
../Core/Src/main.c:101:8:calc_distance	88	static
../Core/Src/main.c:155:5:main	408	static
../Core/Src/main.c:573:6:SystemClock_Config	72	static
../Core/Src/main.c:609:13:MX_NVIC_Init	8	static
../Core/Src/main.c:623:13:MX_SPI1_Init	8	static
../Core/Src/main.c:659:13:MX_USART1_UART_Init	8	static
../Core/Src/main.c:690:13:MX_USART2_UART_Init	8	static
../Core/Src/main.c:721:13:MX_GPIO_Init	40	static
../Core/Src/main.c:762:6:HAL_GPIO_EXTI_Callback	16	static
../Core/Src/main.c:778:6:Error_Handler	4	static,ignoring_inline_asm
