../nRF24L01p/nrf24l01p.c:13:13:cs_high	8	static
../nRF24L01p/nrf24l01p.c:18:13:cs_low	8	static
../nRF24L01p/nrf24l01p.c:23:13:ce_high	8	static
../nRF24L01p/nrf24l01p.c:28:13:ce_low	8	static
../nRF24L01p/nrf24l01p.c:33:16:read_register	32	static
../nRF24L01p/nrf24l01p.c:47:16:write_register	32	static
../nRF24L01p/nrf24l01p.c:63:6:nrf24l01p_rx_init	16	static
../nRF24L01p/nrf24l01p.c:85:6:nrf24l01p_tx_init	16	static
../nRF24L01p/nrf24l01p.c:105:6:nrf24l01p_rx_receive	16	static
../nRF24L01p/nrf24l01p.c:113:6:nrf24l01p_tx_transmit	16	static
../nRF24L01p/nrf24l01p.c:118:6:nrf24l01p_tx_irq	16	static
../nRF24L01p/nrf24l01p.c:139:6:nrf24l01p_reset	8	static
../nRF24L01p/nrf24l01p.c:170:6:nrf24l01p_prx_mode	16	static
../nRF24L01p/nrf24l01p.c:178:6:nrf24l01p_ptx_mode	16	static
../nRF24L01p/nrf24l01p.c:186:9:nrf24l01p_read_rx_fifo	32	static
../nRF24L01p/nrf24l01p.c:199:9:nrf24l01p_write_tx_fifo	32	static
../nRF24L01p/nrf24l01p.c:212:6:nrf24l01p_flush_rx_fifo	24	static
../nRF24L01p/nrf24l01p.c:222:6:nrf24l01p_flush_tx_fifo	24	static
../nRF24L01p/nrf24l01p.c:232:9:nrf24l01p_get_status	24	static
../nRF24L01p/nrf24l01p.c:244:9:nrf24l01p_get_fifo_status	8	static
../nRF24L01p/nrf24l01p.c:249:6:nrf24l01p_rx_set_payload_widths	16	static
../nRF24L01p/nrf24l01p.c:254:6:nrf24l01p_clear_rx_dr	16	static
../nRF24L01p/nrf24l01p.c:262:6:nrf24l01p_clear_tx_ds	16	static
../nRF24L01p/nrf24l01p.c:270:6:nrf24l01p_clear_max_rt	16	static
../nRF24L01p/nrf24l01p.c:278:6:nrf24l01p_power_up	16	static
../nRF24L01p/nrf24l01p.c:286:6:nrf24l01p_power_down	16	static
../nRF24L01p/nrf24l01p.c:294:6:nrf24l01p_set_crc_length	24	static
../nRF24L01p/nrf24l01p.c:313:6:nrf24l01p_set_address_widths	16	static
../nRF24L01p/nrf24l01p.c:318:6:nrf24l01p_auto_retransmit_count	24	static
../nRF24L01p/nrf24l01p.c:328:6:nrf24l01p_auto_retransmit_delay	24	static
../nRF24L01p/nrf24l01p.c:338:6:nrf24l01p_set_rf_channel	24	static
../nRF24L01p/nrf24l01p.c:344:6:nrf24l01p_set_rf_tx_output_power	24	static
../nRF24L01p/nrf24l01p.c:352:6:nrf24l01p_set_rf_air_data_rate	24	static
