C:/Users/user/STM32Cube/Example/7.SPI_ADC_SSD1306_5/Core/Src/main.c:159:5:main	56	static
C:/Users/user/STM32Cube/Example/7.SPI_ADC_SSD1306_5/Core/Src/main.c:286:6:SystemClock_Config	88	static
C:/Users/user/STM32Cube/Example/7.SPI_ADC_SSD1306_5/Core/Src/main.c:339:13:MX_ADC1_Init	24	static
C:/Users/user/STM32Cube/Example/7.SPI_ADC_SSD1306_5/Core/Src/main.c:392:13:MX_SPI2_Init	8	static
C:/Users/user/STM32Cube/Example/7.SPI_ADC_SSD1306_5/Core/Src/main.c:430:13:MX_GPIO_Init	48	static
C:/Users/user/STM32Cube/Example/7.SPI_ADC_SSD1306_5/Core/Src/main.c:460:6:Error_Handler	4	static,ignoring_inline_asm
