C:/Users/user/STM32Cube/Example/SPI_ADC_SSD1306_5/Core/Src/main.c:150:5:main	1064	static
C:/Users/user/STM32Cube/Example/SPI_ADC_SSD1306_5/Core/Src/main.c:272:6:SystemClock_Config	88	static
C:/Users/user/STM32Cube/Example/SPI_ADC_SSD1306_5/Core/Src/main.c:325:13:MX_ADC1_Init	24	static
C:/Users/user/STM32Cube/Example/SPI_ADC_SSD1306_5/Core/Src/main.c:378:13:MX_SPI2_Init	8	static
C:/Users/user/STM32Cube/Example/SPI_ADC_SSD1306_5/Core/Src/main.c:416:13:MX_GPIO_Init	48	static
C:/Users/user/STM32Cube/Example/SPI_ADC_SSD1306_5/Core/Src/main.c:446:6:Error_Handler	4	static,ignoring_inline_asm
