../Core/Src/ILI9341_STM32_Driver.c:6:6:HAL_SPI_TxCpltCallback	16	static
../Core/Src/ILI9341_STM32_Driver.c:16:13:ILI9341_SPI_Tx	16	static
../Core/Src/ILI9341_STM32_Driver.c:23:13:ILI9341_SPI_TxBuffer	16	static
../Core/Src/ILI9341_STM32_Driver.c:30:6:ILI9341_WriteCommand	16	static
../Core/Src/ILI9341_STM32_Driver.c:38:6:ILI9341_WriteData	16	static
../Core/Src/ILI9341_STM32_Driver.c:46:6:ILI9341_WriteBuffer	16	static
../Core/Src/ILI9341_STM32_Driver.c:54:6:ILI9341_SetAddress	32	static
../Core/Src/ILI9341_STM32_Driver.c:76:6:ILI9341_Reset	8	static
../Core/Src/ILI9341_STM32_Driver.c:86:6:ILI9341_Enable	8	static
../Core/Src/ILI9341_STM32_Driver.c:91:6:ILI9341_Init	8	static
../Core/Src/ILI9341_STM32_Driver.c:227:6:ILI9341_SetRotation	16	static
../Core/Src/ILI9341_STM32_Driver.c:259:6:ILI9341_DrawColor	24	static
../Core/Src/ILI9341_STM32_Driver.c:265:6:ILI9341_DrawColorBurst	80	dynamic
../Core/Src/ILI9341_STM32_Driver.c:306:6:ILI9341_FillScreen	16	static
../Core/Src/ILI9341_STM32_Driver.c:312:6:ILI9341_DrawPixel	32	static
../Core/Src/ILI9341_STM32_Driver.c:330:6:ILI9341_DrawRectangle	24	static
../Core/Src/ILI9341_STM32_Driver.c:348:6:ILI9341_DrawHLine	24	static
../Core/Src/ILI9341_STM32_Driver.c:361:6:ILI9341_DrawVLine	24	static
