../Core/Src/main.c:73:6:delay_us	16	static
../Core/Src/main.c:82:5:__io_putchar	16	static
../Core/Src/main.c:87:6:HAL_TIM_IC_CaptureCallback	16	static
../Core/Src/main.c:110:5:main	24	static
../Core/Src/main.c:173:6:SystemClock_Config	72	static
../Core/Src/main.c:210:13:MX_TIM1_Init	48	static
../Core/Src/main.c:268:13:MX_TIM2_Init	32	static
../Core/Src/main.c:310:13:MX_USART2_UART_Init	8	static
../Core/Src/main.c:341:13:MX_GPIO_Init	32	static
../Core/Src/main.c:372:6:Error_Handler	4	static,ignoring_inline_asm
