C:/Users/user/STM32Cube/Example/RTCADC/Core/Src/main.c:69:5:__io_putchar	16	static
C:/Users/user/STM32Cube/Example/RTCADC/Core/Src/main.c:79:5:main	424	static
C:/Users/user/STM32Cube/Example/RTCADC/Core/Src/main.c:145:6:SystemClock_Config	88	static
C:/Users/user/STM32Cube/Example/RTCADC/Core/Src/main.c:196:13:MX_DAC_Init	16	static
C:/Users/user/STM32Cube/Example/RTCADC/Core/Src/main.c:233:13:MX_RTC_Init	8	static
C:/Users/user/STM32Cube/Example/RTCADC/Core/Src/main.c:289:13:MX_USART1_UART_Init	8	static
C:/Users/user/STM32Cube/Example/RTCADC/Core/Src/main.c:320:13:MX_GPIO_Init	16	static
C:/Users/user/STM32Cube/Example/RTCADC/Core/Src/main.c:336:6:Error_Handler	4	static,ignoring_inline_asm
