../Lib/ssd1306.c:24:6:ssd1306_Reset	8	static
../Lib/ssd1306.c:36:6:ssd1306_WriteCommand	16	static
../Lib/ssd1306.c:44:6:ssd1306_WriteData	16	static
../Lib/ssd1306.c:63:17:ssd1306_FillBuffer	24	static
../Lib/ssd1306.c:73:6:ssd1306_Init	8	static
../Lib/ssd1306.c:178:6:ssd1306_Fill	24	static
../Lib/ssd1306.c:187:6:ssd1306_UpdateScreen	16	static
../Lib/ssd1306.c:208:6:ssd1306_DrawPixel	16	static
../Lib/ssd1306.c:228:6:ssd1306_WriteChar	48	static
../Lib/ssd1306.c:263:6:ssd1306_WriteString	24	static
../Lib/ssd1306.c:277:6:ssd1306_SetCursor	16	static
../Lib/ssd1306.c:283:6:ssd1306_Line	48	static
../Lib/ssd1306.c:310:6:ssd1306_Polyline	40	static
../Lib/ssd1306.c:324:14:ssd1306_DegToRad	16	static
../Lib/ssd1306.c:329:17:ssd1306_NormalizeTo0_360	24	static
../Lib/ssd1306.c:345:6:ssd1306_DrawArc	56	static
../Lib/ssd1306.c:385:6:ssd1306_DrawArcWithRadiusLine	64	static
../Lib/ssd1306.c:428:6:ssd1306_DrawCircle	40	static
../Lib/ssd1306.c:463:6:ssd1306_FillCircle	48	static
../Lib/ssd1306.c:499:6:ssd1306_DrawRectangle	32	static
../Lib/ssd1306.c:509:6:ssd1306_FillRectangle	32	static
../Lib/ssd1306.c:524:6:ssd1306_DrawBitmap	24	static
../Lib/ssd1306.c:548:6:ssd1306_SetContrast	24	static
../Lib/ssd1306.c:554:6:ssd1306_SetDisplayOn	24	static
../Lib/ssd1306.c:566:9:ssd1306_GetDisplayOn	4	static
