C:/Users/user/STM32Cube/Example/gettingStarted/Core/Src/main.c:64:5:main	8	static
C:/Users/user/STM32Cube/Example/gettingStarted/Core/Src/main.c:109:6:SystemClock_Config	88	static
C:/Users/user/STM32Cube/Example/gettingStarted/Core/Src/main.c:161:13:MX_NVIC_Init	8	static
C:/Users/user/STM32Cube/Example/gettingStarted/Core/Src/main.c:173:13:MX_GPIO_Init	40	static
C:/Users/user/STM32Cube/Example/gettingStarted/Core/Src/main.c:206:6:HAL_GPIO_EXTI_Callback	16	static
C:/Users/user/STM32Cube/Example/gettingStarted/Core/Src/main.c:217:6:Error_Handler	4	static,ignoring_inline_asm
