C:/Users/user/STM32Cube/Example/gettingStarted/Core/Src/stm32f4xx_hal_msp.c:63:6:HAL_MspInit	16	static
C:/Users/user/STM32Cube/Example/gettingStarted/Core/Src/stm32f4xx_hal_msp.c:85:6:HAL_CRC_MspInit	24	static
C:/Users/user/STM32Cube/Example/gettingStarted/Core/Src/stm32f4xx_hal_msp.c:107:6:HAL_CRC_MspDeInit	16	static
C:/Users/user/STM32Cube/Example/gettingStarted/Core/Src/stm32f4xx_hal_msp.c:129:6:HAL_DMA2D_MspInit	24	static
C:/Users/user/STM32Cube/Example/gettingStarted/Core/Src/stm32f4xx_hal_msp.c:154:6:HAL_DMA2D_MspDeInit	16	static
C:/Users/user/STM32Cube/Example/gettingStarted/Core/Src/stm32f4xx_hal_msp.c:179:6:HAL_I2C_MspInit	48	static
C:/Users/user/STM32Cube/Example/gettingStarted/Core/Src/stm32f4xx_hal_msp.c:223:6:HAL_I2C_MspDeInit	16	static
C:/Users/user/STM32Cube/Example/gettingStarted/Core/Src/stm32f4xx_hal_msp.c:254:6:HAL_LTDC_MspInit	112	static
C:/Users/user/STM32Cube/Example/gettingStarted/Core/Src/stm32f4xx_hal_msp.c:381:6:HAL_LTDC_MspDeInit	16	static
C:/Users/user/STM32Cube/Example/gettingStarted/Core/Src/stm32f4xx_hal_msp.c:445:6:HAL_SPI_MspInit	48	static
C:/Users/user/STM32Cube/Example/gettingStarted/Core/Src/stm32f4xx_hal_msp.c:482:6:HAL_SPI_MspDeInit	16	static
C:/Users/user/STM32Cube/Example/gettingStarted/Core/Src/stm32f4xx_hal_msp.c:512:6:HAL_TIM_Base_MspInit	24	static
C:/Users/user/STM32Cube/Example/gettingStarted/Core/Src/stm32f4xx_hal_msp.c:534:6:HAL_TIM_Base_MspDeInit	16	static
C:/Users/user/STM32Cube/Example/gettingStarted/Core/Src/stm32f4xx_hal_msp.c:556:6:HAL_UART_MspInit	48	static
C:/Users/user/STM32Cube/Example/gettingStarted/Core/Src/stm32f4xx_hal_msp.c:592:6:HAL_UART_MspDeInit	16	static
C:/Users/user/STM32Cube/Example/gettingStarted/Core/Src/stm32f4xx_hal_msp.c:617:13:HAL_FMC_MspInit	32	static
C:/Users/user/STM32Cube/Example/gettingStarted/Core/Src/stm32f4xx_hal_msp.c:723:6:HAL_SDRAM_MspInit	16	static
C:/Users/user/STM32Cube/Example/gettingStarted/Core/Src/stm32f4xx_hal_msp.c:735:13:HAL_FMC_MspDeInit	8	static
C:/Users/user/STM32Cube/Example/gettingStarted/Core/Src/stm32f4xx_hal_msp.c:809:6:HAL_SDRAM_MspDeInit	16	static
