C:/Users/user/STM32Cube/Example/PM2007_4/Core/Src/main.c:101:5:main	24	static
C:/Users/user/STM32Cube/Example/PM2007_4/Core/Src/main.c:317:6:SystemClock_Config	88	static
C:/Users/user/STM32Cube/Example/PM2007_4/Core/Src/main.c:369:13:MX_NVIC_Init	8	static
C:/Users/user/STM32Cube/Example/PM2007_4/Core/Src/main.c:384:13:MX_SPI2_Init	8	static
C:/Users/user/STM32Cube/Example/PM2007_4/Core/Src/main.c:433:13:MX_USART1_UART_Init	8	static
C:/Users/user/STM32Cube/Example/PM2007_4/Core/Src/main.c:466:13:MX_USART6_UART_Init	8	static
C:/Users/user/STM32Cube/Example/PM2007_4/Core/Src/main.c:499:13:MX_GPIO_Init	48	static
C:/Users/user/STM32Cube/Example/PM2007_4/Core/Src/main.c:528:6:HAL_GPIO_EXTI_Callback	16	static
C:/Users/user/STM32Cube/Example/PM2007_4/Core/Src/main.c:544:6:Error_Handler	4	static,ignoring_inline_asm
