C:/Users/user/STM32Cube/Example/UART_polling_interrupt/Core/Src/main.c:65:5:__io_putchar	16	static
C:/Users/user/STM32Cube/Example/UART_polling_interrupt/Core/Src/main.c:175:5:main	8	static
C:/Users/user/STM32Cube/Example/UART_polling_interrupt/Core/Src/main.c:255:6:SystemClock_Config	88	static
C:/Users/user/STM32Cube/Example/UART_polling_interrupt/Core/Src/main.c:307:13:MX_NVIC_Init	8	static
C:/Users/user/STM32Cube/Example/UART_polling_interrupt/Core/Src/main.c:325:13:MX_USART1_UART_Init	8	static
C:/Users/user/STM32Cube/Example/UART_polling_interrupt/Core/Src/main.c:356:13:MX_DMA_Init	16	static
C:/Users/user/STM32Cube/Example/UART_polling_interrupt/Core/Src/main.c:369:13:MX_GPIO_Init	16	static
C:/Users/user/STM32Cube/Example/UART_polling_interrupt/Core/Src/main.c:382:6:HAL_UART_RxCpltCallback	16	static
C:/Users/user/STM32Cube/Example/UART_polling_interrupt/Core/Src/main.c:438:6:Error_Handler	4	static,ignoring_inline_asm
