C:/Users/user/STM32Cube/Example/3.UART_polling_interrupt/Core/Src/main.c:53:5:__io_putchar	16	static
C:/Users/user/STM32Cube/Example/3.UART_polling_interrupt/Core/Src/main.c:84:5:main	8	static
C:/Users/user/STM32Cube/Example/3.UART_polling_interrupt/Core/Src/main.c:157:6:SystemClock_Config	88	static
C:/Users/user/STM32Cube/Example/3.UART_polling_interrupt/Core/Src/main.c:209:13:MX_NVIC_Init	8	static
C:/Users/user/STM32Cube/Example/3.UART_polling_interrupt/Core/Src/main.c:227:13:MX_USART1_UART_Init	8	static
C:/Users/user/STM32Cube/Example/3.UART_polling_interrupt/Core/Src/main.c:258:13:MX_DMA_Init	16	static
C:/Users/user/STM32Cube/Example/3.UART_polling_interrupt/Core/Src/main.c:271:13:MX_GPIO_Init	16	static
C:/Users/user/STM32Cube/Example/3.UART_polling_interrupt/Core/Src/main.c:284:6:HAL_UART_RxCpltCallback	16	static
C:/Users/user/STM32Cube/Example/3.UART_polling_interrupt/Core/Src/main.c:305:6:Error_Handler	4	static,ignoring_inline_asm
