C:/Users/user/STM32Cube/Example/RTC_print/Core/Src/main.c:56:5:__io_putchar	16	static
C:/Users/user/STM32Cube/Example/RTC_print/Core/Src/main.c:82:5:main	56	static
C:/Users/user/STM32Cube/Example/RTC_print/Core/Src/main.c:143:6:SystemClock_Config	88	static
C:/Users/user/STM32Cube/Example/RTC_print/Core/Src/main.c:192:13:MX_RTC_Init	32	static
C:/Users/user/STM32Cube/Example/RTC_print/Core/Src/main.c:251:13:MX_USART1_UART_Init	8	static
C:/Users/user/STM32Cube/Example/RTC_print/Core/Src/main.c:282:13:MX_GPIO_Init	40	static
C:/Users/user/STM32Cube/Example/RTC_print/Core/Src/main.c:310:6:Error_Handler	4	static,ignoring_inline_asm
