../Core/Src/main.c:76:5:__io_putchar	16	static
../Core/Src/main.c:81:8:deg2rad	16	static
../Core/Src/main.c:85:8:rad2deg	16	static
../Core/Src/main.c:89:8:calc_distance	88	static
../Core/Src/main.c:143:5:main	1520	static
../Core/Src/main.c:571:6:SystemClock_Config	72	static
../Core/Src/main.c:607:13:MX_NVIC_Init	8	static
../Core/Src/main.c:621:13:MX_SPI1_Init	8	static
../Core/Src/main.c:657:13:MX_USART1_UART_Init	8	static
../Core/Src/main.c:688:13:MX_USART2_UART_Init	8	static
../Core/Src/main.c:719:13:MX_GPIO_Init	40	static
../Core/Src/main.c:778:6:Error_Handler	4	static,ignoring_inline_asm
