../Core/Src/main.c:79:5:__io_putchar	16	static
../Core/Src/main.c:84:8:deg2rad	16	static
../Core/Src/main.c:88:8:rad2deg	16	static
../Core/Src/main.c:92:8:calc_distance	88	static
../Core/Src/main.c:146:5:main	1528	static
../Core/Src/main.c:607:6:SystemClock_Config	72	static
../Core/Src/main.c:646:13:MX_NVIC_Init	8	static
../Core/Src/main.c:661:13:MX_SPI1_Init	8	static
../Core/Src/main.c:699:13:MX_TIM1_Init	96	static
../Core/Src/main.c:773:13:MX_USART1_UART_Init	8	static
../Core/Src/main.c:806:13:MX_USART2_UART_Init	8	static
../Core/Src/main.c:839:13:MX_GPIO_Init	40	static
../Core/Src/main.c:876:6:HAL_TIM_PeriodElapsedCallback	16	static
../Core/Src/main.c:905:6:Error_Handler	4	static,ignoring_inline_asm
