C:/Users/user/STM32Cube/Example/11.PIXY2_SPI_TIM_3/Core/Src/main.c:68:5:__io_putchar	16	static
C:/Users/user/STM32Cube/Example/11.PIXY2_SPI_TIM_3/Core/Src/main.c:78:5:main	88	static
C:/Users/user/STM32Cube/Example/11.PIXY2_SPI_TIM_3/Core/Src/main.c:205:6:SystemClock_Config	88	static
C:/Users/user/STM32Cube/Example/11.PIXY2_SPI_TIM_3/Core/Src/main.c:254:13:MX_SPI2_Init	8	static
C:/Users/user/STM32Cube/Example/11.PIXY2_SPI_TIM_3/Core/Src/main.c:290:13:MX_TIM10_Init	40	static
C:/Users/user/STM32Cube/Example/11.PIXY2_SPI_TIM_3/Core/Src/main.c:333:13:MX_TIM11_Init	40	static
C:/Users/user/STM32Cube/Example/11.PIXY2_SPI_TIM_3/Core/Src/main.c:376:13:MX_USART1_UART_Init	8	static
C:/Users/user/STM32Cube/Example/11.PIXY2_SPI_TIM_3/Core/Src/main.c:407:13:MX_GPIO_Init	48	static
C:/Users/user/STM32Cube/Example/11.PIXY2_SPI_TIM_3/Core/Src/main.c:437:6:Error_Handler	4	static,ignoring_inline_asm
