C:/Users/user/STM32Cube/Example/SSD1306_ADC/Core/Src/main.c:87:5:main	56	static
C:/Users/user/STM32Cube/Example/SSD1306_ADC/Core/Src/main.c:177:6:SystemClock_Config	88	static
C:/Users/user/STM32Cube/Example/SSD1306_ADC/Core/Src/main.c:230:13:MX_ADC1_Init	24	static
C:/Users/user/STM32Cube/Example/SSD1306_ADC/Core/Src/main.c:283:13:MX_SPI2_Init	8	static
C:/Users/user/STM32Cube/Example/SSD1306_ADC/Core/Src/main.c:321:13:MX_GPIO_Init	48	static
C:/Users/user/STM32Cube/Example/SSD1306_ADC/Core/Src/main.c:351:6:Error_Handler	4	static,ignoring_inline_asm
