C:/Users/user/STM32Cube/Example/ADC_cds/Core/Src/main.c:51:5:__io_putchar	16	static
C:/Users/user/STM32Cube/Example/ADC_cds/Core/Src/main.c:78:5:main	8	static
C:/Users/user/STM32Cube/Example/ADC_cds/Core/Src/main.c:144:6:SystemClock_Config	88	static
C:/Users/user/STM32Cube/Example/ADC_cds/Core/Src/main.c:196:13:MX_NVIC_Init	8	static
C:/Users/user/STM32Cube/Example/ADC_cds/Core/Src/main.c:211:13:MX_ADC1_Init	24	static
C:/Users/user/STM32Cube/Example/ADC_cds/Core/Src/main.c:291:13:MX_USART1_UART_Init	8	static
C:/Users/user/STM32Cube/Example/ADC_cds/Core/Src/main.c:324:13:MX_GPIO_Init	16	static
C:/Users/user/STM32Cube/Example/ADC_cds/Core/Src/main.c:361:6:Error_Handler	4	static,ignoring_inline_asm
