C:/Users/user/STM32Cube/Example/usart_serial_test/Core/Src/main.c:71:5:main	8	static
C:/Users/user/STM32Cube/Example/usart_serial_test/Core/Src/main.c:121:6:SystemClock_Config	88	static
C:/Users/user/STM32Cube/Example/usart_serial_test/Core/Src/main.c:173:13:MX_NVIC_Init	8	static
C:/Users/user/STM32Cube/Example/usart_serial_test/Core/Src/main.c:185:13:MX_USART1_UART_Init	8	static
C:/Users/user/STM32Cube/Example/usart_serial_test/Core/Src/main.c:218:13:MX_GPIO_Init	16	static
C:/Users/user/STM32Cube/Example/usart_serial_test/Core/Src/main.c:228:6:HAL_UART_RxCpltCallback	16	static
C:/Users/user/STM32Cube/Example/usart_serial_test/Core/Src/main.c:242:6:Error_Handler	4	static,ignoring_inline_asm
