C:/Users/user/STM32Cube/Example/RingBuffer_UART/Core/Src/main.c:65:5:__io_putchar	16	static
C:/Users/user/STM32Cube/Example/RingBuffer_UART/Core/Src/main.c:75:5:main	16	static
C:/Users/user/STM32Cube/Example/RingBuffer_UART/Core/Src/main.c:139:6:SystemClock_Config	72	static
C:/Users/user/STM32Cube/Example/RingBuffer_UART/Core/Src/main.c:175:13:MX_NVIC_Init	8	static
C:/Users/user/STM32Cube/Example/RingBuffer_UART/Core/Src/main.c:186:13:MX_USART1_UART_Init	8	static
C:/Users/user/STM32Cube/Example/RingBuffer_UART/Core/Src/main.c:217:13:MX_GPIO_Init	24	static
C:/Users/user/STM32Cube/Example/RingBuffer_UART/Core/Src/main.c:227:6:HAL_UART_RxCpltCallback	16	static
C:/Users/user/STM32Cube/Example/RingBuffer_UART/Core/Src/main.c:255:6:Error_Handler	4	static,ignoring_inline_asm
