Archive member included to satisfy reference by file (symbol)

c:/st/stm32cubeide_1.11.2/stm32cubeide/plugins/com.st.stm32cube.ide.mcu.externaltools.gnu-tools-for-stm32.10.3-2021.10.win32_1.0.100.202210260954/tools/bin/../lib/gcc/arm-none-eabi/10.3.1/../../../../arm-none-eabi/lib/thumb/v7-m/nofp\libc_nano.a(lib_a-errno.o)
                              ./Application/User/Core/syscalls.o (__errno)
c:/st/stm32cubeide_1.11.2/stm32cubeide/plugins/com.st.stm32cube.ide.mcu.externaltools.gnu-tools-for-stm32.10.3-2021.10.win32_1.0.100.202210260954/tools/bin/../lib/gcc/arm-none-eabi/10.3.1/../../../../arm-none-eabi/lib/thumb/v7-m/nofp\libc_nano.a(lib_a-exit.o)
                              c:/st/stm32cubeide_1.11.2/stm32cubeide/plugins/com.st.stm32cube.ide.mcu.externaltools.gnu-tools-for-stm32.10.3-2021.10.win32_1.0.100.202210260954/tools/bin/../lib/gcc/arm-none-eabi/10.3.1/../../../../arm-none-eabi/lib/thumb/v7-m/nofp/crt0.o (exit)
c:/st/stm32cubeide_1.11.2/stm32cubeide/plugins/com.st.stm32cube.ide.mcu.externaltools.gnu-tools-for-stm32.10.3-2021.10.win32_1.0.100.202210260954/tools/bin/../lib/gcc/arm-none-eabi/10.3.1/../../../../arm-none-eabi/lib/thumb/v7-m/nofp\libc_nano.a(lib_a-impure.o)
                              c:/st/stm32cubeide_1.11.2/stm32cubeide/plugins/com.st.stm32cube.ide.mcu.externaltools.gnu-tools-for-stm32.10.3-2021.10.win32_1.0.100.202210260954/tools/bin/../lib/gcc/arm-none-eabi/10.3.1/../../../../arm-none-eabi/lib/thumb/v7-m/nofp\libc_nano.a(lib_a-exit.o) (_global_impure_ptr)
c:/st/stm32cubeide_1.11.2/stm32cubeide/plugins/com.st.stm32cube.ide.mcu.externaltools.gnu-tools-for-stm32.10.3-2021.10.win32_1.0.100.202210260954/tools/bin/../lib/gcc/arm-none-eabi/10.3.1/../../../../arm-none-eabi/lib/thumb/v7-m/nofp\libc_nano.a(lib_a-init.o)
                              c:/st/stm32cubeide_1.11.2/stm32cubeide/plugins/com.st.stm32cube.ide.mcu.externaltools.gnu-tools-for-stm32.10.3-2021.10.win32_1.0.100.202210260954/tools/bin/../lib/gcc/arm-none-eabi/10.3.1/../../../../arm-none-eabi/lib/thumb/v7-m/nofp/crt0.o (__libc_init_array)
c:/st/stm32cubeide_1.11.2/stm32cubeide/plugins/com.st.stm32cube.ide.mcu.externaltools.gnu-tools-for-stm32.10.3-2021.10.win32_1.0.100.202210260954/tools/bin/../lib/gcc/arm-none-eabi/10.3.1/../../../../arm-none-eabi/lib/thumb/v7-m/nofp\libc_nano.a(lib_a-memset.o)
                              c:/st/stm32cubeide_1.11.2/stm32cubeide/plugins/com.st.stm32cube.ide.mcu.externaltools.gnu-tools-for-stm32.10.3-2021.10.win32_1.0.100.202210260954/tools/bin/../lib/gcc/arm-none-eabi/10.3.1/../../../../arm-none-eabi/lib/thumb/v7-m/nofp/crt0.o (memset)

Discarded input sections

 .text          0x0000000000000000        0x0 c:/st/stm32cubeide_1.11.2/stm32cubeide/plugins/com.st.stm32cube.ide.mcu.externaltools.gnu-tools-for-stm32.10.3-2021.10.win32_1.0.100.202210260954/tools/bin/../lib/gcc/arm-none-eabi/10.3.1/thumb/v7-m/nofp/crti.o
 .data          0x0000000000000000        0x0 c:/st/stm32cubeide_1.11.2/stm32cubeide/plugins/com.st.stm32cube.ide.mcu.externaltools.gnu-tools-for-stm32.10.3-2021.10.win32_1.0.100.202210260954/tools/bin/../lib/gcc/arm-none-eabi/10.3.1/thumb/v7-m/nofp/crti.o
 .bss           0x0000000000000000        0x0 c:/st/stm32cubeide_1.11.2/stm32cubeide/plugins/com.st.stm32cube.ide.mcu.externaltools.gnu-tools-for-stm32.10.3-2021.10.win32_1.0.100.202210260954/tools/bin/../lib/gcc/arm-none-eabi/10.3.1/thumb/v7-m/nofp/crti.o
 .data          0x0000000000000000        0x4 c:/st/stm32cubeide_1.11.2/stm32cubeide/plugins/com.st.stm32cube.ide.mcu.externaltools.gnu-tools-for-stm32.10.3-2021.10.win32_1.0.100.202210260954/tools/bin/../lib/gcc/arm-none-eabi/10.3.1/thumb/v7-m/nofp/crtbegin.o
 .rodata        0x0000000000000000       0x24 c:/st/stm32cubeide_1.11.2/stm32cubeide/plugins/com.st.stm32cube.ide.mcu.externaltools.gnu-tools-for-stm32.10.3-2021.10.win32_1.0.100.202210260954/tools/bin/../lib/gcc/arm-none-eabi/10.3.1/thumb/v7-m/nofp/crtbegin.o
 .text          0x0000000000000000       0x7c c:/st/stm32cubeide_1.11.2/stm32cubeide/plugins/com.st.stm32cube.ide.mcu.externaltools.gnu-tools-for-stm32.10.3-2021.10.win32_1.0.100.202210260954/tools/bin/../lib/gcc/arm-none-eabi/10.3.1/../../../../arm-none-eabi/lib/thumb/v7-m/nofp/crt0.o
 .data          0x0000000000000000        0x0 c:/st/stm32cubeide_1.11.2/stm32cubeide/plugins/com.st.stm32cube.ide.mcu.externaltools.gnu-tools-for-stm32.10.3-2021.10.win32_1.0.100.202210260954/tools/bin/../lib/gcc/arm-none-eabi/10.3.1/../../../../arm-none-eabi/lib/thumb/v7-m/nofp/crt0.o
 .bss           0x0000000000000000        0x0 c:/st/stm32cubeide_1.11.2/stm32cubeide/plugins/com.st.stm32cube.ide.mcu.externaltools.gnu-tools-for-stm32.10.3-2021.10.win32_1.0.100.202210260954/tools/bin/../lib/gcc/arm-none-eabi/10.3.1/../../../../arm-none-eabi/lib/thumb/v7-m/nofp/crt0.o
[...]
Memory Configuration

Name             Origin             Length             Attributes
RAM              0x0000000020000000 0x0000000000005000 xrw
FLASH            0x0000000008000000 0x0000000000010000 xr
*default*        0x0000000000000000 0xffffffffffffffff

Linker script and memory map

LOAD c:/st/stm32cubeide_1.11.2/stm32cubeide/plugins/com.st.stm32cube.ide.mcu.externaltools.gnu-tools-for-stm32.10.3-2021.10.win32_1.0.100.202210260954/tools/bin/../lib/gcc/arm-none-eabi/10.3.1/thumb/v7-m/nofp/crti.o
LOAD c:/st/stm32cubeide_1.11.2/stm32cubeide/plugins/com.st.stm32cube.ide.mcu.externaltools.gnu-tools-for-stm32.10.3-2021.10.win32_1.0.100.202210260954/tools/bin/../lib/gcc/arm-none-eabi/10.3.1/thumb/v7-m/nofp/crtbegin.o
LOAD c:/st/stm32cubeide_1.11.2/stm32cubeide/plugins/com.st.stm32cube.ide.mcu.externaltools.gnu-tools-for-stm32.10.3-2021.10.win32_1.0.100.202210260954/tools/bin/../lib/gcc/arm-none-eabi/10.3.1/../../../../arm-none-eabi/lib/thumb/v7-m/nofp/crt0.o
LOAD ./Application/User/Core/main.o
LOAD ./Application/User/Core/stm32f1xx_hal_msp.o
LOAD ./Application/User/Core/stm32f1xx_it.o
LOAD ./Application/User/Core/syscalls.o
LOAD ./Application/User/Core/sysmem.o
LOAD ./Application/User/Startup/startup_stm32f103c8tx.o
LOAD ./Drivers/CMSIS/system_stm32f1xx.o
LOAD ./Drivers/STM32F1xx_HAL_Driver/stm32f1xx_hal.o
LOAD ./Drivers/STM32F1xx_HAL_Driver/stm32f1xx_hal_cortex.o
LOAD ./Drivers/STM32F1xx_HAL_Driver/stm32f1xx_hal_dma.o
LOAD ./Drivers/STM32F1xx_HAL_Driver/stm32f1xx_hal_exti.o
LOAD ./Drivers/STM32F1xx_HAL_Driver/stm32f1xx_hal_flash.o
LOAD ./Drivers/STM32F1xx_HAL_Driver/stm32f1xx_hal_flash_ex.o
LOAD ./Drivers/STM32F1xx_HAL_Driver/stm32f1xx_hal_gpio.o
LOAD ./Drivers/STM32F1xx_HAL_Driver/stm32f1xx_hal_gpio_ex.o
LOAD ./Drivers/STM32F1xx_HAL_Driver/stm32f1xx_hal_pwr.o
LOAD ./Drivers/STM32F1xx_HAL_Driver/stm32f1xx_hal_rcc.o
LOAD ./Drivers/STM32F1xx_HAL_Driver/stm32f1xx_hal_rcc_ex.o
LOAD ./Drivers/STM32F1xx_HAL_Driver/stm32f1xx_hal_tim.o
LOAD ./Drivers/STM32F1xx_HAL_Driver/stm32f1xx_hal_tim_ex.o
LOAD ./Drivers/STM32F1xx_HAL_Driver/stm32f1xx_hal_uart.o
START GROUP
LOAD c:/st/stm32cubeide_1.11.2/stm32cubeide/plugins/com.st.stm32cube.ide.mcu.externaltools.gnu-tools-for-stm32.10.3-2021.10.win32_1.0.100.202210260954/tools/bin/../lib/gcc/arm-none-eabi/10.3.1/../../../../arm-none-eabi/lib/thumb/v7-m/nofp\libc_nano.a
LOAD c:/st/stm32cubeide_1.11.2/stm32cubeide/plugins/com.st.stm32cube.ide.mcu.externaltools.gnu-tools-for-stm32.10.3-2021.10.win32_1.0.100.202210260954/tools/bin/../lib/gcc/arm-none-eabi/10.3.1/../../../../arm-none-eabi/lib/thumb/v7-m/nofp\libm.a
END GROUP
START GROUP
LOAD c:/st/stm32cubeide_1.11.2/stm32cubeide/plugins/com.st.stm32cube.ide.mcu.externaltools.gnu-tools-for-stm32.10.3-2021.10.win32_1.0.100.202210260954/tools/bin/../lib/gcc/arm-none-eabi/10.3.1/thumb/v7-m/nofp\libgcc.a
LOAD c:/st/stm32cubeide_1.11.2/stm32cubeide/plugins/com.st.stm32cube.ide.mcu.externaltools.gnu-tools-for-stm32.10.3-2021.10.win32_1.0.100.202210260954/tools/bin/../lib/gcc/arm-none-eabi/10.3.1/../../../../arm-none-eabi/lib/thumb/v7-m/nofp\libc_nano.a
END GROUP
START GROUP
LOAD c:/st/stm32cubeide_1.11.2/stm32cubeide/plugins/com.st.stm32cube.ide.mcu.externaltools.gnu-tools-for-stm32.10.3-2021.10.win32_1.0.100.202210260954/tools/bin/../lib/gcc/arm-none-eabi/10.3.1/thumb/v7-m/nofp\libgcc.a
LOAD c:/st/stm32cubeide_1.11.2/stm32cubeide/plugins/com.st.stm32cube.ide.mcu.externaltools.gnu-tools-for-stm32.10.3-2021.10.win32_1.0.100.202210260954/tools/bin/../lib/gcc/arm-none-eabi/10.3.1/../../../../arm-none-eabi/lib/thumb/v7-m/nofp\libc_nano.a
LOAD c:/st/stm32cubeide_1.11.2/stm32cubeide/plugins/com.st.stm32cube.ide.mcu.externaltools.gnu-tools-for-stm32.10.3-2021.10.win32_1.0.100.202210260954/tools/bin/../lib/gcc/arm-none-eabi/10.3.1/../../../../arm-none-eabi/lib/thumb/v7-m/nofp\libnosys.a
END GROUP
START GROUP
LOAD c:/st/stm32cubeide_1.11.2/stm32cubeide/plugins/com.st.stm32cube.ide.mcu.externaltools.gnu-tools-for-stm32.10.3-2021.10.win32_1.0.100.202210260954/tools/bin/../lib/gcc/arm-none-eabi/10.3.1/thumb/v7-m/nofp\libgcc.a
LOAD c:/st/stm32cubeide_1.11.2/stm32cubeide/plugins/com.st.stm32cube.ide.mcu.externaltools.gnu-tools-for-stm32.10.3-2021.10.win32_1.0.100.202210260954/tools/bin/../lib/gcc/arm-none-eabi/10.3.1/../../../../arm-none-eabi/lib/thumb/v7-m/nofp\libc_nano.a
LOAD c:/st/stm32cubeide_1.11.2/stm32cubeide/plugins/com.st.stm32cube.ide.mcu.externaltools.gnu-tools-for-stm32.10.3-2021.10.win32_1.0.100.202210260954/tools/bin/../lib/gcc/arm-none-eabi/10.3.1/../../../../arm-none-eabi/lib/thumb/v7-m/nofp\libnosys.a
END GROUP
LOAD c:/st/stm32cubeide_1.11.2/stm32cubeide/plugins/com.st.stm32cube.ide.mcu.externaltools.gnu-tools-for-stm32.10.3-2021.10.win32_1.0.100.202210260954/tools/bin/../lib/gcc/arm-none-eabi/10.3.1/thumb/v7-m/nofp/crtend.o
LOAD c:/st/stm32cubeide_1.11.2/stm32cubeide/plugins/com.st.stm32cube.ide.mcu.externaltools.gnu-tools-for-stm32.10.3-2021.10.win32_1.0.100.202210260954/tools/bin/../lib/gcc/arm-none-eabi/10.3.1/thumb/v7-m/nofp/crtn.o
                0x0000000020005000                _estack = (ORIGIN (RAM) + LENGTH (RAM))
                0x0000000000000200                _Min_Heap_Size = 0x200
                0x0000000000000400                _Min_Stack_Size = 0x400

.isr_vector     0x0000000008000000      0x10c
                0x0000000008000000                . = ALIGN (0x4)
 *(.isr_vector)
 .isr_vector    0x0000000008000000      0x10c ./Application/User/Startup/startup_stm32f103c8tx.o
                0x0000000008000000                g_pfnVectors
                0x000000000800010c                . = ALIGN (0x4)

.text           0x000000000800010c     0x1f68
                0x000000000800010c                . = ALIGN (0x4)
 *(.text)
 .text          0x000000000800010c       0x40 c:/st/stm32cubeide_1.11.2/stm32cubeide/plugins/com.st.stm32cube.ide.mcu.externaltools.gnu-tools-for-stm32.10.3-2021.10.win32_1.0.100.202210260954/tools/bin/../lib/gcc/arm-none-eabi/10.3.1/thumb/v7-m/nofp/crtbegin.o
 *(.text*)
 .text.rxBufferInit
                0x000000000800014c       0x28 ./Application/User/Core/main.o
                0x000000000800014c                rxBufferInit
 .text.push     0x0000000008000174       0x46 ./Application/User/Core/main.o
                0x0000000008000174                push
 .text.pop      0x00000000080001ba       0x4a ./Application/User/Core/main.o
                0x00000000080001ba                pop
 .text.uart_available
                0x0000000008000204       0x34 ./Application/User/Core/main.o
                0x0000000008000204                uart_available
 .text.main     0x0000000008000238       0x88 ./Application/User/Core/main.o
                0x0000000008000238                main
 .text.SystemClock_Config
                0x00000000080002c0       0x8a ./Application/User/Core/main.o
                0x00000000080002c0                SystemClock_Config
 .text.MX_NVIC_Init
                0x000000000800034a       0x18 ./Application/User/Core/main.o
 *fill*         0x0000000008000362        0x2 
 .text.MX_USART1_UART_Init
                0x0000000008000364       0x54 ./Application/User/Core/main.o
 .text.MX_GPIO_Init
                0x00000000080003b8       0x5c ./Application/User/Core/main.o
 .text.HAL_UART_RxCpltCallback
                0x0000000008000414       0x40 ./Application/User/Core/main.o
                0x0000000008000414                HAL_UART_RxCpltCallback
 .text.Error_Handler
                0x0000000008000454        0xa ./Application/User/Core/main.o
                0x0000000008000454                Error_Handler
 *fill*         0x000000000800045e        0x2 
 .text.HAL_MspInit
                0x0000000008000460       0x64 ./Application/User/Core/stm32f1xx_hal_msp.o
                0x0000000008000460                HAL_MspInit
 .text.HAL_UART_MspInit
                0x00000000080004c4       0x98 ./Application/User/Core/stm32f1xx_hal_msp.o
                0x00000000080004c4                HAL_UART_MspInit
 .text.NMI_Handler
                0x000000000800055c        0x6 ./Application/User/Core/stm32f1xx_it.o
                0x000000000800055c                NMI_Handler
 .text.HardFault_Handler
                0x0000000008000562        0x6 ./Application/User/Core/stm32f1xx_it.o
                0x0000000008000562                HardFault_Handler
 .text.MemManage_Handler
                0x0000000008000568        0x6 ./Application/User/Core/stm32f1xx_it.o
                0x0000000008000568                MemManage_Handler
 .text.BusFault_Handler
                0x000000000800056e        0x6 ./Application/User/Core/stm32f1xx_it.o
                0x000000000800056e                BusFault_Handler
 .text.UsageFault_Handler
                0x0000000008000574        0x6 ./Application/User/Core/stm32f1xx_it.o
                0x0000000008000574                UsageFault_Handler
 .text.SVC_Handler
                0x000000000800057a        0xc ./Application/User/Core/stm32f1xx_it.o
                0x000000000800057a                SVC_Handler
 .text.DebugMon_Handler
                0x0000000008000586        0xc ./Application/User/Core/stm32f1xx_it.o
                0x0000000008000586                DebugMon_Handler
 .text.PendSV_Handler
                0x0000000008000592        0xc ./Application/User/Core/stm32f1xx_it.o
                0x0000000008000592                PendSV_Handler
 .text.SysTick_Handler
                0x000000000800059e        0xc ./Application/User/Core/stm32f1xx_it.o
                0x000000000800059e                SysTick_Handler
 *fill*         0x00000000080005aa        0x2 
 .text.USART1_IRQHandler
                0x00000000080005ac       0x14 ./Application/User/Core/stm32f1xx_it.o
                0x00000000080005ac                USART1_IRQHandler
 .text.Reset_Handler
                0x00000000080005c0       0x48 ./Application/User/Startup/startup_stm32f103c8tx.o
                0x00000000080005c0                Reset_Handler
 .text.Default_Handler
                0x0000000008000608        0x2 ./Application/User/Startup/startup_stm32f103c8tx.o
                0x0000000008000608                RTC_Alarm_IRQHandler
                0x0000000008000608                EXTI2_IRQHandler
                0x0000000008000608                TIM1_CC_IRQHandler
                0x0000000008000608                PVD_IRQHandler
                0x0000000008000608                EXTI3_IRQHandler
                0x0000000008000608                EXTI0_IRQHandler
                0x0000000008000608                I2C2_EV_IRQHandler
                0x0000000008000608                ADC1_2_IRQHandler
                0x0000000008000608                SPI1_IRQHandler
                0x0000000008000608                TAMPER_IRQHandler
                0x0000000008000608                DMA1_Channel4_IRQHandler
                0x0000000008000608                USART3_IRQHandler
                0x0000000008000608                RTC_IRQHandler
                0x0000000008000608                DMA1_Channel7_IRQHandler
                0x0000000008000608                CAN1_RX1_IRQHandler
                0x0000000008000608                TIM4_IRQHandler
                0x0000000008000608                I2C1_EV_IRQHandler
                0x0000000008000608                DMA1_Channel6_IRQHandler
                0x0000000008000608                TIM3_IRQHandler
                0x0000000008000608                RCC_IRQHandler
                0x0000000008000608                TIM1_TRG_COM_IRQHandler
                0x0000000008000608                DMA1_Channel1_IRQHandler
                0x0000000008000608                Default_Handler
                0x0000000008000608                EXTI15_10_IRQHandler
                0x0000000008000608                EXTI9_5_IRQHandler
                0x0000000008000608                SPI2_IRQHandler
                0x0000000008000608                DMA1_Channel5_IRQHandler
                0x0000000008000608                EXTI4_IRQHandler
                0x0000000008000608                USB_LP_CAN1_RX0_IRQHandler
                0x0000000008000608                USB_HP_CAN1_TX_IRQHandler
                0x0000000008000608                DMA1_Channel3_IRQHandler
                0x0000000008000608                TIM1_UP_IRQHandler
                0x0000000008000608                WWDG_IRQHandler
                0x0000000008000608                TIM2_IRQHandler
                0x0000000008000608                TIM1_BRK_IRQHandler
                0x0000000008000608                EXTI1_IRQHandler
                0x0000000008000608                USART2_IRQHandler
                0x0000000008000608                I2C2_ER_IRQHandler
                0x0000000008000608                DMA1_Channel2_IRQHandler
                0x0000000008000608                CAN1_SCE_IRQHandler
                0x0000000008000608                FLASH_IRQHandler
                0x0000000008000608                I2C1_ER_IRQHandler
                0x0000000008000608                USBWakeUp_IRQHandler
 .text.SystemInit
                0x000000000800060a        0xc ./Drivers/CMSIS/system_stm32f1xx.o
                0x000000000800060a                SystemInit
 *fill*         0x0000000008000616        0x2 
 .text.HAL_Init
                0x0000000008000618       0x2c ./Drivers/STM32F1xx_HAL_Driver/stm32f1xx_hal.o
                0x0000000008000618                HAL_Init
 .text.HAL_InitTick
                0x0000000008000644       0x60 ./Drivers/STM32F1xx_HAL_Driver/stm32f1xx_hal.o
                0x0000000008000644                HAL_InitTick
 .text.HAL_IncTick
                0x00000000080006a4       0x24 ./Drivers/STM32F1xx_HAL_Driver/stm32f1xx_hal.o
                0x00000000080006a4                HAL_IncTick
 .text.HAL_GetTick
                0x00000000080006c8       0x14 ./Drivers/STM32F1xx_HAL_Driver/stm32f1xx_hal.o
                0x00000000080006c8                HAL_GetTick
 .text.__NVIC_SetPriorityGrouping
                0x00000000080006dc       0x48 ./Drivers/STM32F1xx_HAL_Driver/stm32f1xx_hal_cortex.o
 .text.__NVIC_GetPriorityGrouping
                0x0000000008000724       0x1c ./Drivers/STM32F1xx_HAL_Driver/stm32f1xx_hal_cortex.o
 .text.__NVIC_EnableIRQ
                0x0000000008000740       0x38 ./Drivers/STM32F1xx_HAL_Driver/stm32f1xx_hal_cortex.o
 .text.__NVIC_SetPriority
                0x0000000008000778       0x54 ./Drivers/STM32F1xx_HAL_Driver/stm32f1xx_hal_cortex.o
 .text.NVIC_EncodePriority
                0x00000000080007cc       0x64 ./Drivers/STM32F1xx_HAL_Driver/stm32f1xx_hal_cortex.o
 .text.SysTick_Config
                0x0000000008000830       0x44 ./Drivers/STM32F1xx_HAL_Driver/stm32f1xx_hal_cortex.o
 .text.HAL_NVIC_SetPriorityGrouping
                0x0000000008000874       0x16 ./Drivers/STM32F1xx_HAL_Driver/stm32f1xx_hal_cortex.o
                0x0000000008000874                HAL_NVIC_SetPriorityGrouping
 .text.HAL_NVIC_SetPriority
                0x000000000800088a       0x38 ./Drivers/STM32F1xx_HAL_Driver/stm32f1xx_hal_cortex.o
                0x000000000800088a                HAL_NVIC_SetPriority
 .text.HAL_NVIC_EnableIRQ
                0x00000000080008c2       0x1c ./Drivers/STM32F1xx_HAL_Driver/stm32f1xx_hal_cortex.o
                0x00000000080008c2                HAL_NVIC_EnableIRQ
 .text.HAL_SYSTICK_Config
                0x00000000080008de       0x18 ./Drivers/STM32F1xx_HAL_Driver/stm32f1xx_hal_cortex.o
                0x00000000080008de                HAL_SYSTICK_Config
 .text.HAL_DMA_Abort
                0x00000000080008f6       0x74 ./Drivers/STM32F1xx_HAL_Driver/stm32f1xx_hal_dma.o
                0x00000000080008f6                HAL_DMA_Abort
 *fill*         0x000000000800096a        0x2 
 .text.HAL_DMA_Abort_IT
                0x000000000800096c       0xec ./Drivers/STM32F1xx_HAL_Driver/stm32f1xx_hal_dma.o
                0x000000000800096c                HAL_DMA_Abort_IT
 .text.HAL_GPIO_Init
                0x0000000008000a58      0x308 ./Drivers/STM32F1xx_HAL_Driver/stm32f1xx_hal_gpio.o
                0x0000000008000a58                HAL_GPIO_Init
 .text.HAL_RCC_OscConfig
                0x0000000008000d60      0x504 ./Drivers/STM32F1xx_HAL_Driver/stm32f1xx_hal_rcc.o
                0x0000000008000d60                HAL_RCC_OscConfig
 .text.HAL_RCC_ClockConfig
                0x0000000008001264      0x1d4 ./Drivers/STM32F1xx_HAL_Driver/stm32f1xx_hal_rcc.o
                0x0000000008001264                HAL_RCC_ClockConfig
 .text.HAL_RCC_GetSysClockFreq
                0x0000000008001438       0xbc ./Drivers/STM32F1xx_HAL_Driver/stm32f1xx_hal_rcc.o
                0x0000000008001438                HAL_RCC_GetSysClockFreq
 .text.HAL_RCC_GetHCLKFreq
                0x00000000080014f4       0x14 ./Drivers/STM32F1xx_HAL_Driver/stm32f1xx_hal_rcc.o
                0x00000000080014f4                HAL_RCC_GetHCLKFreq
 .text.HAL_RCC_GetPCLK1Freq
                0x0000000008001508       0x28 ./Drivers/STM32F1xx_HAL_Driver/stm32f1xx_hal_rcc.o
                0x0000000008001508                HAL_RCC_GetPCLK1Freq
 .text.HAL_RCC_GetPCLK2Freq
                0x0000000008001530       0x28 ./Drivers/STM32F1xx_HAL_Driver/stm32f1xx_hal_rcc.o
                0x0000000008001530                HAL_RCC_GetPCLK2Freq
 .text.RCC_Delay
                0x0000000008001558       0x3c ./Drivers/STM32F1xx_HAL_Driver/stm32f1xx_hal_rcc.o
 .text.HAL_UART_Init
                0x0000000008001594       0x9a ./Drivers/STM32F1xx_HAL_Driver/stm32f1xx_hal_uart.o
                0x0000000008001594                HAL_UART_Init
 .text.HAL_UART_Transmit
                0x000000000800162e      0x124 ./Drivers/STM32F1xx_HAL_Driver/stm32f1xx_hal_uart.o
                0x000000000800162e                HAL_UART_Transmit
 .text.HAL_UART_Receive_IT
                0x0000000008001752       0x60 ./Drivers/STM32F1xx_HAL_Driver/stm32f1xx_hal_uart.o
                0x0000000008001752                HAL_UART_Receive_IT
 *fill*         0x00000000080017b2        0x2 
 .text.HAL_UART_IRQHandler
                0x00000000080017b4      0x354 ./Drivers/STM32F1xx_HAL_Driver/stm32f1xx_hal_uart.o
                0x00000000080017b4                HAL_UART_IRQHandler
 .text.HAL_UART_TxCpltCallback
                0x0000000008001b08       0x12 ./Drivers/STM32F1xx_HAL_Driver/stm32f1xx_hal_uart.o
                0x0000000008001b08                HAL_UART_TxCpltCallback
 .text.HAL_UART_ErrorCallback
                0x0000000008001b1a       0x12 ./Drivers/STM32F1xx_HAL_Driver/stm32f1xx_hal_uart.o
                0x0000000008001b1a                HAL_UART_ErrorCallback
 .text.HAL_UARTEx_RxEventCallback
                0x0000000008001b2c       0x16 ./Drivers/STM32F1xx_HAL_Driver/stm32f1xx_hal_uart.o
                0x0000000008001b2c                HAL_UARTEx_RxEventCallback
 .text.UART_WaitOnFlagUntilTimeout
                0x0000000008001b42       0x94 ./Drivers/STM32F1xx_HAL_Driver/stm32f1xx_hal_uart.o
 .text.UART_Start_Receive_IT
                0x0000000008001bd6       0x72 ./Drivers/STM32F1xx_HAL_Driver/stm32f1xx_hal_uart.o
                0x0000000008001bd6                UART_Start_Receive_IT
 .text.UART_EndRxTransfer
                0x0000000008001c48       0x58 ./Drivers/STM32F1xx_HAL_Driver/stm32f1xx_hal_uart.o
 .text.UART_DMAAbortOnError
                0x0000000008001ca0       0x28 ./Drivers/STM32F1xx_HAL_Driver/stm32f1xx_hal_uart.o
 .text.UART_Transmit_IT
                0x0000000008001cc8       0x9e ./Drivers/STM32F1xx_HAL_Driver/stm32f1xx_hal_uart.o
 .text.UART_EndTransmit_IT
                0x0000000008001d66       0x30 ./Drivers/STM32F1xx_HAL_Driver/stm32f1xx_hal_uart.o
 .text.UART_Receive_IT
                0x0000000008001d96      0x152 ./Drivers/STM32F1xx_HAL_Driver/stm32f1xx_hal_uart.o
 .text.UART_SetConfig
                0x0000000008001ee8      0x11c ./Drivers/STM32F1xx_HAL_Driver/stm32f1xx_hal_uart.o
 .text.__libc_init_array
                0x0000000008002004       0x48 c:/st/stm32cubeide_1.11.2/stm32cubeide/plugins/com.st.stm32cube.ide.mcu.externaltools.gnu-tools-for-stm32.10.3-2021.10.win32_1.0.100.202210260954/tools/bin/../lib/gcc/arm-none-eabi/10.3.1/../../../../arm-none-eabi/lib/thumb/v7-m/nofp\libc_nano.a(lib_a-init.o)
                0x0000000008002004                __libc_init_array
 .text.memset   0x000000000800204c       0x10 c:/st/stm32cubeide_1.11.2/stm32cubeide/plugins/com.st.stm32cube.ide.mcu.externaltools.gnu-tools-for-stm32.10.3-2021.10.win32_1.0.100.202210260954/tools/bin/../lib/gcc/arm-none-eabi/10.3.1/../../../../arm-none-eabi/lib/thumb/v7-m/nofp\libc_nano.a(lib_a-memset.o)
                0x000000000800204c                memset
 *(.glue_7)
 .glue_7        0x000000000800205c        0x0 linker stubs
 *(.glue_7t)
 .glue_7t       0x000000000800205c        0x0 linker stubs
 *(.eh_frame)
 .eh_frame      0x000000000800205c        0x0 c:/st/stm32cubeide_1.11.2/stm32cubeide/plugins/com.st.stm32cube.ide.mcu.externaltools.gnu-tools-for-stm32.10.3-2021.10.win32_1.0.100.202210260954/tools/bin/../lib/gcc/arm-none-eabi/10.3.1/thumb/v7-m/nofp/crtbegin.o
 *(.init)
 .init          0x000000000800205c        0x4 c:/st/stm32cubeide_1.11.2/stm32cubeide/plugins/com.st.stm32cube.ide.mcu.externaltools.gnu-tools-for-stm32.10.3-2021.10.win32_1.0.100.202210260954/tools/bin/../lib/gcc/arm-none-eabi/10.3.1/thumb/v7-m/nofp/crti.o
                0x000000000800205c                _init
 .init          0x0000000008002060        0x8 c:/st/stm32cubeide_1.11.2/stm32cubeide/plugins/com.st.stm32cube.ide.mcu.externaltools.gnu-tools-for-stm32.10.3-2021.10.win32_1.0.100.202210260954/tools/bin/../lib/gcc/arm-none-eabi/10.3.1/thumb/v7-m/nofp/crtn.o
 *(.fini)
 .fini          0x0000000008002068        0x4 c:/st/stm32cubeide_1.11.2/stm32cubeide/plugins/com.st.stm32cube.ide.mcu.externaltools.gnu-tools-for-stm32.10.3-2021.10.win32_1.0.100.202210260954/tools/bin/../lib/gcc/arm-none-eabi/10.3.1/thumb/v7-m/nofp/crti.o
                0x0000000008002068                _fini
 .fini          0x000000000800206c        0x8 c:/st/stm32cubeide_1.11.2/stm32cubeide/plugins/com.st.stm32cube.ide.mcu.externaltools.gnu-tools-for-stm32.10.3-2021.10.win32_1.0.100.202210260954/tools/bin/../lib/gcc/arm-none-eabi/10.3.1/thumb/v7-m/nofp/crtn.o
                0x0000000008002074                . = ALIGN (0x4)
                0x0000000008002074                _etext = .

.vfp11_veneer   0x0000000008002074        0x0
 .vfp11_veneer  0x0000000008002074        0x0 linker stubs

.v4_bx          0x0000000008002074        0x0
 .v4_bx         0x0000000008002074        0x0 linker stubs

.iplt           0x0000000008002074        0x0
 .iplt          0x0000000008002074        0x0 c:/st/stm32cubeide_1.11.2/stm32cubeide/plugins/com.st.stm32cube.ide.mcu.externaltools.gnu-tools-for-stm32.10.3-2021.10.win32_1.0.100.202210260954/tools/bin/../lib/gcc/arm-none-eabi/10.3.1/thumb/v7-m/nofp/crtbegin.o

.rodata         0x0000000008002074       0x28
                0x0000000008002074                . = ALIGN (0x4)
 *(.rodata)
 .rodata        0x0000000008002074       0x10 ./Drivers/STM32F1xx_HAL_Driver/stm32f1xx_hal_rcc.o
 *(.rodata*)
 .rodata.AHBPrescTable
                0x0000000008002084       0x10 ./Drivers/CMSIS/system_stm32f1xx.o
                0x0000000008002084                AHBPrescTable
 .rodata.APBPrescTable
                0x0000000008002094        0x8 ./Drivers/CMSIS/system_stm32f1xx.o
                0x0000000008002094                APBPrescTable
                0x000000000800209c                . = ALIGN (0x4)

.rel.dyn        0x000000000800209c        0x0
 .rel.iplt      0x000000000800209c        0x0 c:/st/stm32cubeide_1.11.2/stm32cubeide/plugins/com.st.stm32cube.ide.mcu.externaltools.gnu-tools-for-stm32.10.3-2021.10.win32_1.0.100.202210260954/tools/bin/../lib/gcc/arm-none-eabi/10.3.1/thumb/v7-m/nofp/crtbegin.o

.ARM.extab      0x000000000800209c        0x0
                0x000000000800209c                . = ALIGN (0x4)
 *(.ARM.extab* .gnu.linkonce.armextab.*)
                0x000000000800209c                . = ALIGN (0x4)

.ARM            0x000000000800209c        0x0
                0x000000000800209c                . = ALIGN (0x4)
                0x000000000800209c                __exidx_start = .
 *(.ARM.exidx*)
                0x000000000800209c                __exidx_end = .
                0x000000000800209c                . = ALIGN (0x4)

.preinit_array  0x000000000800209c        0x0
                0x000000000800209c                . = ALIGN (0x4)
                0x000000000800209c                PROVIDE (__preinit_array_start = .)
 *(.preinit_array*)
                0x000000000800209c                PROVIDE (__preinit_array_end = .)
                0x000000000800209c                . = ALIGN (0x4)

.init_array     0x000000000800209c        0x4
                0x000000000800209c                . = ALIGN (0x4)
                0x000000000800209c                PROVIDE (__init_array_start = .)
 *(SORT_BY_NAME(.init_array.*))
 *(.init_array*)
 .init_array    0x000000000800209c        0x4 c:/st/stm32cubeide_1.11.2/stm32cubeide/plugins/com.st.stm32cube.ide.mcu.externaltools.gnu-tools-for-stm32.10.3-2021.10.win32_1.0.100.202210260954/tools/bin/../lib/gcc/arm-none-eabi/10.3.1/thumb/v7-m/nofp/crtbegin.o
                0x00000000080020a0                PROVIDE (__init_array_end = .)
                0x00000000080020a0                . = ALIGN (0x4)

.fini_array     0x00000000080020a0        0x4
                0x00000000080020a0                . = ALIGN (0x4)
                [!provide]                        PROVIDE (__fini_array_start = .)
 *(SORT_BY_NAME(.fini_array.*))
 *(.fini_array*)
 .fini_array    0x00000000080020a0        0x4 c:/st/stm32cubeide_1.11.2/stm32cubeide/plugins/com.st.stm32cube.ide.mcu.externaltools.gnu-tools-for-stm32.10.3-2021.10.win32_1.0.100.202210260954/tools/bin/../lib/gcc/arm-none-eabi/10.3.1/thumb/v7-m/nofp/crtbegin.o
                [!provide]                        PROVIDE (__fini_array_end = .)
                0x00000000080020a4                . = ALIGN (0x4)
                0x00000000080020a4                _sidata = LOADADDR (.data)

.data           0x0000000020000000        0xc load address 0x00000000080020a4
                0x0000000020000000                . = ALIGN (0x4)
                0x0000000020000000                _sdata = .
 *(.data)
 *(.data*)
 .data.SystemCoreClock
                0x0000000020000000        0x4 ./Drivers/CMSIS/system_stm32f1xx.o
                0x0000000020000000                SystemCoreClock
 .data.uwTickPrio
                0x0000000020000004        0x4 ./Drivers/STM32F1xx_HAL_Driver/stm32f1xx_hal.o
                0x0000000020000004                uwTickPrio
 .data.uwTickFreq
                0x0000000020000008        0x1 ./Drivers/STM32F1xx_HAL_Driver/stm32f1xx_hal.o
                0x0000000020000008                uwTickFreq
 *(.RamFunc)
 *(.RamFunc*)
                0x000000002000000c                . = ALIGN (0x4)
 *fill*         0x0000000020000009        0x3 
                0x000000002000000c                _edata = .

.igot.plt       0x000000002000000c        0x0 load address 0x00000000080020b0
 .igot.plt      0x000000002000000c        0x0 c:/st/stm32cubeide_1.11.2/stm32cubeide/plugins/com.st.stm32cube.ide.mcu.externaltools.gnu-tools-for-stm32.10.3-2021.10.win32_1.0.100.202210260954/tools/bin/../lib/gcc/arm-none-eabi/10.3.1/thumb/v7-m/nofp/crtbegin.o
                0x000000002000000c                . = ALIGN (0x4)

.bss            0x000000002000000c       0x8c load address 0x00000000080020b0
                0x000000002000000c                _sbss = .
                0x000000002000000c                __bss_start__ = _sbss
 *(.bss)
 .bss           0x000000002000000c       0x1c c:/st/stm32cubeide_1.11.2/stm32cubeide/plugins/com.st.stm32cube.ide.mcu.externaltools.gnu-tools-for-stm32.10.3-2021.10.win32_1.0.100.202210260954/tools/bin/../lib/gcc/arm-none-eabi/10.3.1/thumb/v7-m/nofp/crtbegin.o
 *(.bss*)
 .bss.huart1    0x0000000020000028       0x44 ./Application/User/Core/main.o
                0x0000000020000028                huart1
 .bss.uart_rx   0x000000002000006c       0x14 ./Application/User/Core/main.o
                0x000000002000006c                uart_rx
 .bss.temp      0x0000000020000080        0x1 ./Application/User/Core/main.o
                0x0000000020000080                temp
 *fill*         0x0000000020000081        0x3 
 .bss.buff      0x0000000020000084       0x10 ./Application/User/Core/main.o
                0x0000000020000084                buff
 .bss.uwTick    0x0000000020000094        0x4 ./Drivers/STM32F1xx_HAL_Driver/stm32f1xx_hal.o
                0x0000000020000094                uwTick
 *(COMMON)
                0x0000000020000098                . = ALIGN (0x4)
                0x0000000020000098                _ebss = .
                0x0000000020000098                __bss_end__ = _ebss

._user_heap_stack
                0x0000000020000098      0x600 load address 0x00000000080020b0
                0x0000000020000098                . = ALIGN (0x8)
                [!provide]                        PROVIDE (end = .)
                0x0000000020000098                PROVIDE (_end = .)
                0x0000000020000298                . = (. + _Min_Heap_Size)
 *fill*         0x0000000020000098      0x200 
                0x0000000020000698                . = (. + _Min_Stack_Size)
 *fill*         0x0000000020000298      0x400 
                0x0000000020000698                . = ALIGN (0x8)

/DISCARD/
 libc.a(*)
 libm.a(*)
 libgcc.a(*)

.ARM.attributes
                0x0000000000000000       0x29
 *(.ARM.attributes)
 .ARM.attributes
                0x0000000000000000       0x1d c:/st/stm32cubeide_1.11.2/stm32cubeide/plugins/com.st.stm32cube.ide.mcu.externaltools.gnu-tools-for-stm32.10.3-2021.10.win32_1.0.100.202210260954/tools/bin/../lib/gcc/arm-none-eabi/10.3.1/thumb/v7-m/nofp/crti.o
 .ARM.attributes
                0x000000000000001d       0x2d c:/st/stm32cubeide_1.11.2/stm32cubeide/plugins/com.st.stm32cube.ide.mcu.externaltools.gnu-tools-for-stm32.10.3-2021.10.win32_1.0.100.202210260954/tools/bin/../lib/gcc/arm-none-eabi/10.3.1/thumb/v7-m/nofp/crtbegin.o
 .ARM.attributes
                0x000000000000004a       0x2d ./Application/User/Core/main.o
 .ARM.attributes
                0x0000000000000077       0x2d ./Application/User/Core/stm32f1xx_hal_msp.o
 .ARM.attributes
                0x00000000000000a4       0x2d ./Application/User/Core/stm32f1xx_it.o
 .ARM.attributes
                0x00000000000000d1       0x21 ./Application/User/Startup/startup_stm32f103c8tx.o
 .ARM.attributes
                0x00000000000000f2       0x2d ./Drivers/CMSIS/system_stm32f1xx.o
 .ARM.attributes
                0x000000000000011f       0x2d ./Drivers/STM32F1xx_HAL_Driver/stm32f1xx_hal.o
 .ARM.attributes
                0x000000000000014c       0x2d ./Drivers/STM32F1xx_HAL_Driver/stm32f1xx_hal_cortex.o
 .ARM.attributes
                0x0000000000000179       0x2d ./Drivers/STM32F1xx_HAL_Driver/stm32f1xx_hal_dma.o
 .ARM.attributes
                0x00000000000001a6       0x2d ./Drivers/STM32F1xx_HAL_Driver/stm32f1xx_hal_gpio.o
 .ARM.attributes
                0x00000000000001d3       0x2d ./Drivers/STM32F1xx_HAL_Driver/stm32f1xx_hal_rcc.o
 .ARM.attributes
                0x0000000000000200       0x2d ./Drivers/STM32F1xx_HAL_Driver/stm32f1xx_hal_uart.o
 .ARM.attributes
                0x000000000000022d       0x2d c:/st/stm32cubeide_1.11.2/stm32cubeide/plugins/com.st.stm32cube.ide.mcu.externaltools.gnu-tools-for-stm32.10.3-2021.10.win32_1.0.100.202210260954/tools/bin/../lib/gcc/arm-none-eabi/10.3.1/../../../../arm-none-eabi/lib/thumb/v7-m/nofp\libc_nano.a(lib_a-init.o)
 .ARM.attributes
                0x000000000000025a       0x2d c:/st/stm32cubeide_1.11.2/stm32cubeide/plugins/com.st.stm32cube.ide.mcu.externaltools.gnu-tools-for-stm32.10.3-2021.10.win32_1.0.100.202210260954/tools/bin/../lib/gcc/arm-none-eabi/10.3.1/../../../../arm-none-eabi/lib/thumb/v7-m/nofp\libc_nano.a(lib_a-memset.o)
 .ARM.attributes
                0x0000000000000287       0x1d c:/st/stm32cubeide_1.11.2/stm32cubeide/plugins/com.st.stm32cube.ide.mcu.externaltools.gnu-tools-for-stm32.10.3-2021.10.win32_1.0.100.202210260954/tools/bin/../lib/gcc/arm-none-eabi/10.3.1/thumb/v7-m/nofp/crtn.o
OUTPUT(STM32F103C8T6_UART_bufferTest.elf elf32-littlearm)
LOAD linker stubs
LOAD c:/st/stm32cubeide_1.11.2/stm32cubeide/plugins/com.st.stm32cube.ide.mcu.externaltools.gnu-tools-for-stm32.10.3-2021.10.win32_1.0.100.202210260954/tools/bin/../lib/gcc/arm-none-eabi/10.3.1/../../../../arm-none-eabi/lib/thumb/v7-m/nofp\libc.a
LOAD c:/st/stm32cubeide_1.11.2/stm32cubeide/plugins/com.st.stm32cube.ide.mcu.externaltools.gnu-tools-for-stm32.10.3-2021.10.win32_1.0.100.202210260954/tools/bin/../lib/gcc/arm-none-eabi/10.3.1/../../../../arm-none-eabi/lib/thumb/v7-m/nofp\libm.a
LOAD c:/st/stm32cubeide_1.11.2/stm32cubeide/plugins/com.st.stm32cube.ide.mcu.externaltools.gnu-tools-for-stm32.10.3-2021.10.win32_1.0.100.202210260954/tools/bin/../lib/gcc/arm-none-eabi/10.3.1/thumb/v7-m/nofp\libgcc.a

.debug_info     0x0000000000000000     0x5c86
 .debug_info    0x0000000000000000      0xc96 ./Application/User/Core/main.o
 .debug_info    0x0000000000000c96      0x9a3 ./Application/User/Core/stm32f1xx_hal_msp.o
 .debug_info    0x0000000000001639      0x60e ./Application/User/Core/stm32f1xx_it.o
 .debug_info    0x0000000000001c47       0x22 ./Application/User/Startup/startup_stm32f103c8tx.o
 .debug_info    0x0000000000001c69      0x23d ./Drivers/CMSIS/system_stm32f1xx.o
 .debug_info    0x0000000000001ea6      0x734 ./Drivers/STM32F1xx_HAL_Driver/stm32f1xx_hal.o
 .debug_info    0x00000000000025da      0xb20 ./Drivers/STM32F1xx_HAL_Driver/stm32f1xx_hal_cortex.o
 .debug_info    0x00000000000030fa      0x73f ./Drivers/STM32F1xx_HAL_Driver/stm32f1xx_hal_dma.o
 .debug_info    0x0000000000003839      0x615 ./Drivers/STM32F1xx_HAL_Driver/stm32f1xx_hal_gpio.o
 .debug_info    0x0000000000003e4e      0x860 ./Drivers/STM32F1xx_HAL_Driver/stm32f1xx_hal_rcc.o
 .debug_info    0x00000000000046ae     0x15d8 ./Drivers/STM32F1xx_HAL_Driver/stm32f1xx_hal_uart.o

.debug_abbrev   0x0000000000000000     0x152d
 .debug_abbrev  0x0000000000000000      0x30e ./Application/User/Core/main.o
 .debug_abbrev  0x000000000000030e      0x1b2 ./Application/User/Core/stm32f1xx_hal_msp.o
 .debug_abbrev  0x00000000000004c0      0x15f ./Application/User/Core/stm32f1xx_it.o
 .debug_abbrev  0x000000000000061f       0x12 ./Application/User/Startup/startup_stm32f103c8tx.o
 .debug_abbrev  0x0000000000000631      0x13b ./Drivers/CMSIS/system_stm32f1xx.o
 .debug_abbrev  0x000000000000076c      0x1fb ./Drivers/STM32F1xx_HAL_Driver/stm32f1xx_hal.o
 .debug_abbrev  0x0000000000000967      0x2ed ./Drivers/STM32F1xx_HAL_Driver/stm32f1xx_hal_cortex.o
 .debug_abbrev  0x0000000000000c54      0x1fe ./Drivers/STM32F1xx_HAL_Driver/stm32f1xx_hal_dma.o
 .debug_abbrev  0x0000000000000e52      0x1bb ./Drivers/STM32F1xx_HAL_Driver/stm32f1xx_hal_gpio.o
 .debug_abbrev  0x000000000000100d      0x2a8 ./Drivers/STM32F1xx_HAL_Driver/stm32f1xx_hal_rcc.o
 .debug_abbrev  0x00000000000012b5      0x278 ./Drivers/STM32F1xx_HAL_Driver/stm32f1xx_hal_uart.o

.debug_aranges  0x0000000000000000      0x6a0
 .debug_aranges
                0x0000000000000000       0x70 ./Application/User/Core/main.o
 .debug_aranges
                0x0000000000000070       0x30 ./Application/User/Core/stm32f1xx_hal_msp.o
 .debug_aranges
                0x00000000000000a0       0x68 ./Application/User/Core/stm32f1xx_it.o
 .debug_aranges
                0x0000000000000108       0x28 ./Application/User/Startup/startup_stm32f103c8tx.o
 .debug_aranges
                0x0000000000000130       0x28 ./Drivers/CMSIS/system_stm32f1xx.o
 .debug_aranges
                0x0000000000000158       0xe0 ./Drivers/STM32F1xx_HAL_Driver/stm32f1xx_hal.o
 .debug_aranges
                0x0000000000000238      0x100 ./Drivers/STM32F1xx_HAL_Driver/stm32f1xx_hal_cortex.o
 .debug_aranges
                0x0000000000000338       0x80 ./Drivers/STM32F1xx_HAL_Driver/stm32f1xx_hal_dma.o
 .debug_aranges
                0x00000000000003b8       0x58 ./Drivers/STM32F1xx_HAL_Driver/stm32f1xx_hal_gpio.o
 .debug_aranges
                0x0000000000000410       0x90 ./Drivers/STM32F1xx_HAL_Driver/stm32f1xx_hal_rcc.o
 .debug_aranges
                0x00000000000004a0      0x200 ./Drivers/STM32F1xx_HAL_Driver/stm32f1xx_hal_uart.o

.debug_ranges   0x0000000000000000      0x628
 .debug_ranges  0x0000000000000000       0x60 ./Application/User/Core/main.o
 .debug_ranges  0x0000000000000060       0x20 ./Application/User/Core/stm32f1xx_hal_msp.o
 .debug_ranges  0x0000000000000080       0x58 ./Application/User/Core/stm32f1xx_it.o
 .debug_ranges  0x00000000000000d8       0x20 ./Application/User/Startup/startup_stm32f103c8tx.o
 .debug_ranges  0x00000000000000f8       0x18 ./Drivers/CMSIS/system_stm32f1xx.o
 .debug_ranges  0x0000000000000110       0xd0 ./Drivers/STM32F1xx_HAL_Driver/stm32f1xx_hal.o
 .debug_ranges  0x00000000000001e0       0xf0 ./Drivers/STM32F1xx_HAL_Driver/stm32f1xx_hal_cortex.o
 .debug_ranges  0x00000000000002d0       0x70 ./Drivers/STM32F1xx_HAL_Driver/stm32f1xx_hal_dma.o
 .debug_ranges  0x0000000000000340       0x48 ./Drivers/STM32F1xx_HAL_Driver/stm32f1xx_hal_gpio.o
 .debug_ranges  0x0000000000000388       0x80 ./Drivers/STM32F1xx_HAL_Driver/stm32f1xx_hal_rcc.o
 .debug_ranges  0x0000000000000408      0x220 ./Drivers/STM32F1xx_HAL_Driver/stm32f1xx_hal_uart.o

.debug_macro    0x0000000000000000    0x16693
 .debug_macro   0x0000000000000000      0x26c ./Application/User/Core/main.o
 .debug_macro   0x000000000000026c      0xa6c ./Application/User/Core/main.o
 .debug_macro   0x0000000000000cd8      0x215 ./Application/User/Core/main.o
 .debug_macro   0x0000000000000eed       0x2e ./Application/User/Core/main.o
 .debug_macro   0x0000000000000f1b       0x22 ./Application/User/Core/main.o
 .debug_macro   0x0000000000000f3d       0x22 ./Application/User/Core/main.o
 .debug_macro   0x0000000000000f5f       0x8e ./Application/User/Core/main.o
 .debug_macro   0x0000000000000fed       0x51 ./Application/User/Core/main.o
 .debug_macro   0x000000000000103e      0x103 ./Application/User/Core/main.o
 .debug_macro   0x0000000000001141       0x6a ./Application/User/Core/main.o
 .debug_macro   0x00000000000011ab      0x1df ./Application/User/Core/main.o
 .debug_macro   0x000000000000138a       0x1c ./Application/User/Core/main.o
 .debug_macro   0x00000000000013a6       0x22 ./Application/User/Core/main.o
 .debug_macro   0x00000000000013c8       0xbd ./Application/User/Core/main.o
 .debug_macro   0x0000000000001485      0xd23 ./Application/User/Core/main.o
 .debug_macro   0x00000000000021a8     0xe09e ./Application/User/Core/main.o
 .debug_macro   0x0000000000010246       0x6d ./Application/User/Core/main.o
 .debug_macro   0x00000000000102b3     0x3468 ./Application/User/Core/main.o
 .debug_macro   0x000000000001371b      0x174 ./Application/User/Core/main.o
 .debug_macro   0x000000000001388f       0x5c ./Application/User/Core/main.o
 .debug_macro   0x00000000000138eb      0x5be ./Application/User/Core/main.o
 .debug_macro   0x0000000000013ea9      0x289 ./Application/User/Core/main.o
 .debug_macro   0x0000000000014132      0x1cb ./Application/User/Core/main.o
 .debug_macro   0x00000000000142fd      0x114 ./Application/User/Core/main.o
 .debug_macro   0x0000000000014411      0x1b2 ./Application/User/Core/main.o
 .debug_macro   0x00000000000145c3       0x27 ./Application/User/Core/main.o
 .debug_macro   0x00000000000145ea      0x136 ./Application/User/Core/main.o
 .debug_macro   0x0000000000014720      0x1bc ./Application/User/Core/main.o
 .debug_macro   0x00000000000148dc       0x34 ./Application/User/Core/main.o
 .debug_macro   0x0000000000014910       0x3c ./Application/User/Core/main.o
 .debug_macro   0x000000000001494c       0x57 ./Application/User/Core/main.o
 .debug_macro   0x00000000000149a3       0x88 ./Application/User/Core/main.o
 .debug_macro   0x0000000000014a2b      0x241 ./Application/User/Core/main.o
 .debug_macro   0x0000000000014c6c      0x141 ./Application/User/Core/main.o
 .debug_macro   0x0000000000014dad      0x279 ./Application/User/Core/main.o
 .debug_macro   0x0000000000015026       0x83 ./Application/User/Core/main.o
 .debug_macro   0x00000000000150a9       0x52 ./Application/User/Core/main.o
 .debug_macro   0x00000000000150fb       0x18 ./Application/User/Core/main.o
 .debug_macro   0x0000000000015113       0x3c ./Application/User/Core/main.o
 .debug_macro   0x000000000001514f       0x34 ./Application/User/Core/main.o
 .debug_macro   0x0000000000015183       0x16 ./Application/User/Core/main.o
 .debug_macro   0x0000000000015199       0x43 ./Application/User/Core/main.o
 .debug_macro   0x00000000000151dc       0x34 ./Application/User/Core/main.o
 .debug_macro   0x0000000000015210       0x10 ./Application/User/Core/main.o
 .debug_macro   0x0000000000015220       0x58 ./Application/User/Core/main.o
 .debug_macro   0x0000000000015278       0x71 ./Application/User/Core/main.o
 .debug_macro   0x00000000000152e9       0x1c ./Application/User/Core/main.o
 .debug_macro   0x0000000000015305      0x12a ./Application/User/Core/main.o
 .debug_macro   0x000000000001542f      0x341 ./Application/User/Core/main.o
 .debug_macro   0x0000000000015770       0x10 ./Application/User/Core/main.o
 .debug_macro   0x0000000000015780       0x35 ./Application/User/Core/main.o
 .debug_macro   0x00000000000157b5       0x20 ./Application/User/Core/main.o
 .debug_macro   0x00000000000157d5      0x198 ./Application/User/Core/stm32f1xx_hal_msp.o
 .debug_macro   0x000000000001596d      0x1a2 ./Application/User/Core/stm32f1xx_it.o
 .debug_macro   0x0000000000015b0f      0x18e ./Drivers/CMSIS/system_stm32f1xx.o
 .debug_macro   0x0000000000015c9d      0x1b2 ./Drivers/STM32F1xx_HAL_Driver/stm32f1xx_hal.o
 .debug_macro   0x0000000000015e4f      0x18e ./Drivers/STM32F1xx_HAL_Driver/stm32f1xx_hal_cortex.o
 .debug_macro   0x0000000000015fdd      0x18e ./Drivers/STM32F1xx_HAL_Driver/stm32f1xx_hal_dma.o
 .debug_macro   0x000000000001616b      0x1f9 ./Drivers/STM32F1xx_HAL_Driver/stm32f1xx_hal_gpio.o
 .debug_macro   0x0000000000016364      0x1a0 ./Drivers/STM32F1xx_HAL_Driver/stm32f1xx_hal_rcc.o
 .debug_macro   0x0000000000016504      0x18f ./Drivers/STM32F1xx_HAL_Driver/stm32f1xx_hal_uart.o

.debug_line     0x0000000000000000     0x72f2
 .debug_line    0x0000000000000000      0x9c6 ./Application/User/Core/main.o
 .debug_line    0x00000000000009c6      0x6e7 ./Application/User/Core/stm32f1xx_hal_msp.o
 .debug_line    0x00000000000010ad      0x76d ./Application/User/Core/stm32f1xx_it.o
 .debug_line    0x000000000000181a       0x93 ./Application/User/Startup/startup_stm32f103c8tx.o
 .debug_line    0x00000000000018ad      0x711 ./Drivers/CMSIS/system_stm32f1xx.o
 .debug_line    0x0000000000001fbe      0x93e ./Drivers/STM32F1xx_HAL_Driver/stm32f1xx_hal.o
 .debug_line    0x00000000000028fc      0xb26 ./Drivers/STM32F1xx_HAL_Driver/stm32f1xx_hal_cortex.o
 .debug_line    0x0000000000003422      0xd96 ./Drivers/STM32F1xx_HAL_Driver/stm32f1xx_hal_dma.o
 .debug_line    0x00000000000041b8      0x9d5 ./Drivers/STM32F1xx_HAL_Driver/stm32f1xx_hal_gpio.o
 .debug_line    0x0000000000004b8d      0xd4c ./Drivers/STM32F1xx_HAL_Driver/stm32f1xx_hal_rcc.o
 .debug_line    0x00000000000058d9     0x1a19 ./Drivers/STM32F1xx_HAL_Driver/stm32f1xx_hal_uart.o

.debug_str      0x0000000000000000    0x811ef
 .debug_str     0x0000000000000000    0x7fa04 ./Application/User/Core/main.o
                                      0x7fe19 (size before relaxing)
 .debug_str     0x000000000007fa04      0x12e ./Application/User/Core/stm32f1xx_hal_msp.o
                                      0x7cdf8 (size before relaxing)
 .debug_str     0x000000000007fb32      0x12a ./Application/User/Core/stm32f1xx_it.o
                                      0x7cad0 (size before relaxing)
 .debug_str     0x000000000007fc5c       0x42 ./Application/User/Startup/startup_stm32f103c8tx.o
                                         0x93 (size before relaxing)
 .debug_str     0x000000000007fc9e       0xb9 ./Drivers/CMSIS/system_stm32f1xx.o
                                      0x7c6d3 (size before relaxing)
 .debug_str     0x000000000007fd57      0x3c9 ./Drivers/STM32F1xx_HAL_Driver/stm32f1xx_hal.o
                                      0x7ce06 (size before relaxing)
 .debug_str     0x0000000000080120      0x2cf ./Drivers/STM32F1xx_HAL_Driver/stm32f1xx_hal_cortex.o
                                      0x7cd52 (size before relaxing)
 .debug_str     0x00000000000803ef      0x270 ./Drivers/STM32F1xx_HAL_Driver/stm32f1xx_hal_dma.o
                                      0x7ca7c (size before relaxing)
 .debug_str     0x000000000008065f      0x358 ./Drivers/STM32F1xx_HAL_Driver/stm32f1xx_hal_gpio.o
                                      0x7ca59 (size before relaxing)
 .debug_str     0x00000000000809b7      0x264 ./Drivers/STM32F1xx_HAL_Driver/stm32f1xx_hal_rcc.o
                                      0x7cb02 (size before relaxing)
 .debug_str     0x0000000000080c1b      0x5d4 ./Drivers/STM32F1xx_HAL_Driver/stm32f1xx_hal_uart.o
                                      0x7d10d (size before relaxing)

.comment        0x0000000000000000       0x50
 .comment       0x0000000000000000       0x50 ./Application/User/Core/main.o
                                         0x51 (size before relaxing)
 .comment       0x0000000000000050       0x51 ./Application/User/Core/stm32f1xx_hal_msp.o
 .comment       0x0000000000000050       0x51 ./Application/User/Core/stm32f1xx_it.o
 .comment       0x0000000000000050       0x51 ./Drivers/CMSIS/system_stm32f1xx.o
 .comment       0x0000000000000050       0x51 ./Drivers/STM32F1xx_HAL_Driver/stm32f1xx_hal.o
 .comment       0x0000000000000050       0x51 ./Drivers/STM32F1xx_HAL_Driver/stm32f1xx_hal_cortex.o
 .comment       0x0000000000000050       0x51 ./Drivers/STM32F1xx_HAL_Driver/stm32f1xx_hal_dma.o
 .comment       0x0000000000000050       0x51 ./Drivers/STM32F1xx_HAL_Driver/stm32f1xx_hal_gpio.o
 .comment       0x0000000000000050       0x51 ./Drivers/STM32F1xx_HAL_Driver/stm32f1xx_hal_rcc.o
 .comment       0x0000000000000050       0x51 ./Drivers/STM32F1xx_HAL_Driver/stm32f1xx_hal_uart.o

.debug_frame    0x0000000000000000     0x19b0
 .debug_frame   0x0000000000000000      0x18c ./Application/User/Core/main.o
 .debug_frame   0x000000000000018c       0x80 ./Application/User/Core/stm32f1xx_hal_msp.o
 .debug_frame   0x000000000000020c      0x120 ./Application/User/Core/stm32f1xx_it.o
 .debug_frame   0x000000000000032c       0x58 ./Drivers/CMSIS/system_stm32f1xx.o
 .debug_frame   0x0000000000000384      0x334 ./Drivers/STM32F1xx_HAL_Driver/stm32f1xx_hal.o
 .debug_frame   0x00000000000006b8      0x428 ./Drivers/STM32F1xx_HAL_Driver/stm32f1xx_hal_cortex.o
 .debug_frame   0x0000000000000ae0      0x208 ./Drivers/STM32F1xx_HAL_Driver/stm32f1xx_hal_dma.o
 .debug_frame   0x0000000000000ce8      0x14c ./Drivers/STM32F1xx_HAL_Driver/stm32f1xx_hal_gpio.o
 .debug_frame   0x0000000000000e34      0x21c ./Drivers/STM32F1xx_HAL_Driver/stm32f1xx_hal_rcc.o
 .debug_frame   0x0000000000001050      0x914 ./Drivers/STM32F1xx_HAL_Driver/stm32f1xx_hal_uart.o
 .debug_frame   0x0000000000001964       0x2c c:/st/stm32cubeide_1.11.2/stm32cubeide/plugins/com.st.stm32cube.ide.mcu.externaltools.gnu-tools-for-stm32.10.3-2021.10.win32_1.0.100.202210260954/tools/bin/../lib/gcc/arm-none-eabi/10.3.1/../../../../arm-none-eabi/lib/thumb/v7-m/nofp\libc_nano.a(lib_a-init.o)
 .debug_frame   0x0000000000001990       0x20 c:/st/stm32cubeide_1.11.2/stm32cubeide/plugins/com.st.stm32cube.ide.mcu.externaltools.gnu-tools-for-stm32.10.3-2021.10.win32_1.0.100.202210260954/tools/bin/../lib/gcc/arm-none-eabi/10.3.1/../../../../arm-none-eabi/lib/thumb/v7-m/nofp\libc_nano.a(lib_a-memset.o)
