C:/Users/user/STM32Cube/Example/Timer2_4/Core/Src/main.c:67:5:main	8	static
C:/Users/user/STM32Cube/Example/Timer2_4/Core/Src/main.c:116:6:SystemClock_Config	88	static
C:/Users/user/STM32Cube/Example/Timer2_4/Core/Src/main.c:168:13:MX_NVIC_Init	8	static
C:/Users/user/STM32Cube/Example/Timer2_4/Core/Src/main.c:183:13:MX_TIM2_Init	32	static
C:/Users/user/STM32Cube/Example/Timer2_4/Core/Src/main.c:241:13:MX_GPIO_Init	64	static
C:/Users/user/STM32Cube/Example/Timer2_4/Core/Src/main.c:517:6:HAL_TIM_PeriodElapsedCallback	16	static
C:/Users/user/STM32Cube/Example/Timer2_4/Core/Src/main.c:525:6:HAL_TIM_OC_DelayElapsedCallback	16	static
C:/Users/user/STM32Cube/Example/Timer2_4/Core/Src/main.c:534:6:HAL_GPIO_EXTI_Callback	16	static
C:/Users/user/STM32Cube/Example/Timer2_4/Core/Src/main.c:556:6:Error_Handler	4	static,ignoring_inline_asm
