C:/Users/user/STM32Cube/Example/STM32F103C8T6_UART_bufferTest/Core/Src/main.c:74:5:main	24	static
C:/Users/user/STM32Cube/Example/STM32F103C8T6_UART_bufferTest/Core/Src/main.c:170:6:SystemClock_Config	72	static
C:/Users/user/STM32Cube/Example/STM32F103C8T6_UART_bufferTest/Core/Src/main.c:206:13:MX_NVIC_Init	8	static
C:/Users/user/STM32Cube/Example/STM32F103C8T6_UART_bufferTest/Core/Src/main.c:220:13:MX_USART1_UART_Init	8	static
C:/Users/user/STM32Cube/Example/STM32F103C8T6_UART_bufferTest/Core/Src/main.c:249:13:MX_DMA_Init	16	static
C:/Users/user/STM32Cube/Example/STM32F103C8T6_UART_bufferTest/Core/Src/main.c:261:13:MX_GPIO_Init	24	static
C:/Users/user/STM32Cube/Example/STM32F103C8T6_UART_bufferTest/Core/Src/main.c:287:6:user_isr	32	static
C:/Users/user/STM32Cube/Example/STM32F103C8T6_UART_bufferTest/Core/Src/main.c:301:6:HAL_UART_ErrorCallback	24	static
C:/Users/user/STM32Cube/Example/STM32F103C8T6_UART_bufferTest/Core/Src/main.c:328:6:Error_Handler	4	static
