C:/Users/user/STM32Cube/Example/8.I2C_ADXL345/Core/Src/main.c:82:5:__io_putchar	16	static
C:/Users/user/STM32Cube/Example/8.I2C_ADXL345/Core/Src/main.c:99:5:main	32	static
C:/Users/user/STM32Cube/Example/8.I2C_ADXL345/Core/Src/main.c:248:6:SystemClock_Config	88	static
C:/Users/user/STM32Cube/Example/8.I2C_ADXL345/Core/Src/main.c:296:13:MX_NVIC_Init	8	static
C:/Users/user/STM32Cube/Example/8.I2C_ADXL345/Core/Src/main.c:307:13:MX_I2C1_Init	8	static
C:/Users/user/STM32Cube/Example/8.I2C_ADXL345/Core/Src/main.c:352:13:MX_SPI2_Init	8	static
C:/Users/user/STM32Cube/Example/8.I2C_ADXL345/Core/Src/main.c:388:13:MX_USART1_UART_Init	8	static
C:/Users/user/STM32Cube/Example/8.I2C_ADXL345/Core/Src/main.c:419:13:MX_GPIO_Init	48	static
C:/Users/user/STM32Cube/Example/8.I2C_ADXL345/Core/Src/main.c:449:6:Error_Handler	4	static,ignoring_inline_asm
