C:/Users/user/STM32Cube/Example/ADC_timer_dma/Core/Src/main.c:56:5:__io_putchar	16	static
C:/Users/user/STM32Cube/Example/ADC_timer_dma/Core/Src/main.c:84:5:main	8	static
C:/Users/user/STM32Cube/Example/ADC_timer_dma/Core/Src/main.c:136:6:SystemClock_Config	88	static
C:/Users/user/STM32Cube/Example/ADC_timer_dma/Core/Src/main.c:188:13:MX_NVIC_Init	8	static
C:/Users/user/STM32Cube/Example/ADC_timer_dma/Core/Src/main.c:206:13:MX_ADC1_Init	24	static
C:/Users/user/STM32Cube/Example/ADC_timer_dma/Core/Src/main.c:285:13:MX_TIM2_Init	32	static
C:/Users/user/STM32Cube/Example/ADC_timer_dma/Core/Src/main.c:330:13:MX_USART1_UART_Init	8	static
C:/Users/user/STM32Cube/Example/ADC_timer_dma/Core/Src/main.c:361:13:MX_DMA_Init	16	static
C:/Users/user/STM32Cube/Example/ADC_timer_dma/Core/Src/main.c:374:13:MX_GPIO_Init	16	static
C:/Users/user/STM32Cube/Example/ADC_timer_dma/Core/Src/main.c:384:6:HAL_ADC_ConvCpltCallback	16	static
C:/Users/user/STM32Cube/Example/ADC_timer_dma/Core/Src/main.c:421:6:Error_Handler	4	static,ignoring_inline_asm
