../Lib/src/Pixy2.c:17:9:getSync	24	static
../Lib/src/Pixy2.c:61:9:recvPacket	16	static
../Lib/src/Pixy2.c:109:9:sendPacket	8	static
../Lib/src/Pixy2.c:120:8:pixy2_getVersion	8	static
../Lib/src/Pixy2.c:135:8:pixy2_getResolution	8	static
../Lib/src/Pixy2.c:151:8:pixy2_setServos	24	static
../Lib/src/Pixy2.c:167:8:pixy2_getBlocks	24	static
../Lib/src/Pixy2.c:206:8:pixy2_init	32	static
../Lib/src/Pixy2.c:237:6:pixy2_printVersion	96	static
../Lib/src/Pixy2.c:246:6:pixy2_printBlock	224	static
../Lib/src/Pixy2.c:280:8:pixy2_changeProg	24	static
../Lib/src/Pixy2.c:302:8:pixy2_getRGB	32	static
