C:/Users/user/STM32Cube/Example/STM32F103C8T6_UART_bufferTest/Core/Src/main.c:72:6:rxBufferInit	16	static
C:/Users/user/STM32Cube/Example/STM32F103C8T6_UART_bufferTest/Core/Src/main.c:78:6:push	24	static
C:/Users/user/STM32Cube/Example/STM32F103C8T6_UART_bufferTest/Core/Src/main.c:87:9:pop	24	static
C:/Users/user/STM32Cube/Example/STM32F103C8T6_UART_bufferTest/Core/Src/main.c:108:8:uart_available	24	static
C:/Users/user/STM32Cube/Example/STM32F103C8T6_UART_bufferTest/Core/Src/main.c:120:5:main	24	static
C:/Users/user/STM32Cube/Example/STM32F103C8T6_UART_bufferTest/Core/Src/main.c:175:6:SystemClock_Config	72	static
C:/Users/user/STM32Cube/Example/STM32F103C8T6_UART_bufferTest/Core/Src/main.c:211:13:MX_NVIC_Init	8	static
C:/Users/user/STM32Cube/Example/STM32F103C8T6_UART_bufferTest/Core/Src/main.c:222:13:MX_USART1_UART_Init	8	static
C:/Users/user/STM32Cube/Example/STM32F103C8T6_UART_bufferTest/Core/Src/main.c:253:13:MX_GPIO_Init	24	static
C:/Users/user/STM32Cube/Example/STM32F103C8T6_UART_bufferTest/Core/Src/main.c:264:6:HAL_UART_RxCpltCallback	16	static
C:/Users/user/STM32Cube/Example/STM32F103C8T6_UART_bufferTest/Core/Src/main.c:278:6:Error_Handler	4	static,ignoring_inline_asm
