C:/Users/user/STM32Cube/Example/STM32F103C8T6_UART_bufferTest/Core/Src/main.c:74:6:rxBufferInit	16	static
C:/Users/user/STM32Cube/Example/STM32F103C8T6_UART_bufferTest/Core/Src/main.c:80:6:push	24	static
C:/Users/user/STM32Cube/Example/STM32F103C8T6_UART_bufferTest/Core/Src/main.c:88:9:pop	24	static
C:/Users/user/STM32Cube/Example/STM32F103C8T6_UART_bufferTest/Core/Src/main.c:102:8:uart_available	24	static
C:/Users/user/STM32Cube/Example/STM32F103C8T6_UART_bufferTest/Core/Src/main.c:115:5:main	24	static
C:/Users/user/STM32Cube/Example/STM32F103C8T6_UART_bufferTest/Core/Src/main.c:181:6:SystemClock_Config	72	static
C:/Users/user/STM32Cube/Example/STM32F103C8T6_UART_bufferTest/Core/Src/main.c:217:13:MX_NVIC_Init	8	static
C:/Users/user/STM32Cube/Example/STM32F103C8T6_UART_bufferTest/Core/Src/main.c:228:13:MX_USART1_UART_Init	8	static
C:/Users/user/STM32Cube/Example/STM32F103C8T6_UART_bufferTest/Core/Src/main.c:259:13:MX_GPIO_Init	24	static
C:/Users/user/STM32Cube/Example/STM32F103C8T6_UART_bufferTest/Core/Src/main.c:270:6:HAL_UART_RxCpltCallback	24	static
C:/Users/user/STM32Cube/Example/STM32F103C8T6_UART_bufferTest/Core/Src/main.c:289:6:HAL_UART_ErrorCallback	24	static
C:/Users/user/STM32Cube/Example/STM32F103C8T6_UART_bufferTest/Core/Src/main.c:317:6:Error_Handler	4	static
