C:/Users/user/STM32Cube/Example/STM32F103C8T6_UART_bufferTest/Core/Src/main.c:74:5:main	24	static
C:/Users/user/STM32Cube/Example/STM32F103C8T6_UART_bufferTest/Core/Src/main.c:145:6:SystemClock_Config	72	static
C:/Users/user/STM32Cube/Example/STM32F103C8T6_UART_bufferTest/Core/Src/main.c:181:13:MX_NVIC_Init	8	static
C:/Users/user/STM32Cube/Example/STM32F103C8T6_UART_bufferTest/Core/Src/main.c:195:13:MX_USART1_UART_Init	8	static
C:/Users/user/STM32Cube/Example/STM32F103C8T6_UART_bufferTest/Core/Src/main.c:224:13:MX_DMA_Init	16	static
C:/Users/user/STM32Cube/Example/STM32F103C8T6_UART_bufferTest/Core/Src/main.c:236:13:MX_GPIO_Init	24	static
C:/Users/user/STM32Cube/Example/STM32F103C8T6_UART_bufferTest/Core/Src/main.c:262:6:user_isr	32	static
C:/Users/user/STM32Cube/Example/STM32F103C8T6_UART_bufferTest/Core/Src/main.c:276:6:HAL_UART_ErrorCallback	24	static
C:/Users/user/STM32Cube/Example/STM32F103C8T6_UART_bufferTest/Core/Src/main.c:303:6:Error_Handler	4	static
