C:/Users/user/STM32Cube/Example/STM32F103C8T6_UART_bufferTest/Core/Src/stm32f1xx_it.c:71:6:NMI_Handler	4	static
C:/Users/user/STM32Cube/Example/STM32F103C8T6_UART_bufferTest/Core/Src/stm32f1xx_it.c:86:6:HardFault_Handler	4	static
C:/Users/user/STM32Cube/Example/STM32F103C8T6_UART_bufferTest/Core/Src/stm32f1xx_it.c:101:6:MemManage_Handler	4	static
C:/Users/user/STM32Cube/Example/STM32F103C8T6_UART_bufferTest/Core/Src/stm32f1xx_it.c:116:6:BusFault_Handler	4	static
C:/Users/user/STM32Cube/Example/STM32F103C8T6_UART_bufferTest/Core/Src/stm32f1xx_it.c:131:6:UsageFault_Handler	4	static
C:/Users/user/STM32Cube/Example/STM32F103C8T6_UART_bufferTest/Core/Src/stm32f1xx_it.c:146:6:SVC_Handler	4	static
C:/Users/user/STM32Cube/Example/STM32F103C8T6_UART_bufferTest/Core/Src/stm32f1xx_it.c:159:6:DebugMon_Handler	4	static
C:/Users/user/STM32Cube/Example/STM32F103C8T6_UART_bufferTest/Core/Src/stm32f1xx_it.c:172:6:PendSV_Handler	4	static
C:/Users/user/STM32Cube/Example/STM32F103C8T6_UART_bufferTest/Core/Src/stm32f1xx_it.c:185:6:SysTick_Handler	8	static
C:/Users/user/STM32Cube/Example/STM32F103C8T6_UART_bufferTest/Core/Src/stm32f1xx_it.c:206:6:PVD_IRQHandler	8	static
C:/Users/user/STM32Cube/Example/STM32F103C8T6_UART_bufferTest/Core/Src/stm32f1xx_it.c:220:6:DMA1_Channel5_IRQHandler	8	static
C:/Users/user/STM32Cube/Example/STM32F103C8T6_UART_bufferTest/Core/Src/stm32f1xx_it.c:234:6:USART1_IRQHandler	8	static
