../Core/Src/main.c:104:5:main	160	static
../Core/Src/main.c:391:6:SystemClock_Config	72	static
../Core/Src/main.c:430:13:MX_NVIC_Init	8	static
../Core/Src/main.c:448:13:MX_SPI1_Init	8	static
../Core/Src/main.c:486:13:MX_TIM2_Init	32	static
../Core/Src/main.c:531:13:MX_USART1_UART_Init	8	static
../Core/Src/main.c:564:13:MX_USART2_UART_Init	8	static
../Core/Src/main.c:597:13:MX_USART3_UART_Init	8	static
../Core/Src/main.c:630:13:MX_GPIO_Init	40	static
../Core/Src/main.c:682:6:HAL_TIM_PeriodElapsedCallback	16	static
../Core/Src/main.c:690:6:HAL_GPIO_EXTI_Callback	16	static
../Core/Src/main.c:703:6:Error_Handler	4	static,ignoring_inline_asm
