../Core/Src/main.c:103:5:main	152	static
../Core/Src/main.c:365:6:SystemClock_Config	72	static
../Core/Src/main.c:404:13:MX_NVIC_Init	8	static
../Core/Src/main.c:422:13:MX_SPI1_Init	8	static
../Core/Src/main.c:460:13:MX_TIM2_Init	32	static
../Core/Src/main.c:505:13:MX_USART1_UART_Init	8	static
../Core/Src/main.c:538:13:MX_USART2_UART_Init	8	static
../Core/Src/main.c:571:13:MX_GPIO_Init	40	static
../Core/Src/main.c:613:6:HAL_TIM_PeriodElapsedCallback	16	static
../Core/Src/main.c:621:6:HAL_GPIO_EXTI_Callback	16	static
../Core/Src/main.c:634:6:Error_Handler	4	static,ignoring_inline_asm
