C:/Users/user/STM32Cube/Example/PWM_simple/Core/Src/main.c:67:5:main	8	static
C:/Users/user/STM32Cube/Example/PWM_simple/Core/Src/main.c:114:6:SystemClock_Config	88	static
C:/Users/user/STM32Cube/Example/PWM_simple/Core/Src/main.c:166:13:MX_NVIC_Init	8	static
C:/Users/user/STM32Cube/Example/PWM_simple/Core/Src/main.c:178:13:MX_TIM2_Init	32	static
C:/Users/user/STM32Cube/Example/PWM_simple/Core/Src/main.c:236:13:MX_GPIO_Init	40	static
C:/Users/user/STM32Cube/Example/PWM_simple/Core/Src/main.c:256:6:HAL_GPIO_EXTI_Callback	16	static
C:/Users/user/STM32Cube/Example/PWM_simple/Core/Src/main.c:277:6:Error_Handler	4	static,ignoring_inline_asm
