C:/Users/user/STM32Cube/Example/Timer_PWMsoftware/Core/Src/main.c:67:5:main	8	static
C:/Users/user/STM32Cube/Example/Timer_PWMsoftware/Core/Src/main.c:115:6:SystemClock_Config	88	static
C:/Users/user/STM32Cube/Example/Timer_PWMsoftware/Core/Src/main.c:167:13:MX_NVIC_Init	8	static
C:/Users/user/STM32Cube/Example/Timer_PWMsoftware/Core/Src/main.c:182:13:MX_TIM2_Init	32	static
C:/Users/user/STM32Cube/Example/Timer_PWMsoftware/Core/Src/main.c:240:13:MX_GPIO_Init	40	static
C:/Users/user/STM32Cube/Example/Timer_PWMsoftware/Core/Src/main.c:268:6:HAL_TIM_PeriodElapsedCallback	16	static
C:/Users/user/STM32Cube/Example/Timer_PWMsoftware/Core/Src/main.c:276:6:HAL_TIM_OC_DelayElapsedCallback	16	static
C:/Users/user/STM32Cube/Example/Timer_PWMsoftware/Core/Src/main.c:284:6:HAL_GPIO_EXTI_Callback	16	static
C:/Users/user/STM32Cube/Example/Timer_PWMsoftware/Core/Src/main.c:303:6:Error_Handler	4	static,ignoring_inline_asm
