C:/Users/user/STM32Cube/Example/TIM2_test/Core/Src/main.c:108:5:main	24	static
C:/Users/user/STM32Cube/Example/TIM2_test/Core/Src/main.c:342:6:SystemClock_Config	88	static
C:/Users/user/STM32Cube/Example/TIM2_test/Core/Src/main.c:390:13:MX_NVIC_Init	8	static
C:/Users/user/STM32Cube/Example/TIM2_test/Core/Src/main.c:404:13:MX_SPI2_Init	8	static
C:/Users/user/STM32Cube/Example/TIM2_test/Core/Src/main.c:440:13:MX_TIM2_Init	32	static
C:/Users/user/STM32Cube/Example/TIM2_test/Core/Src/main.c:482:13:MX_USART1_UART_Init	8	static
C:/Users/user/STM32Cube/Example/TIM2_test/Core/Src/main.c:513:13:MX_USART6_UART_Init	8	static
C:/Users/user/STM32Cube/Example/TIM2_test/Core/Src/main.c:544:13:MX_GPIO_Init	48	static
C:/Users/user/STM32Cube/Example/TIM2_test/Core/Src/main.c:573:6:HAL_TIM_PeriodElapsedCallback	16	static
C:/Users/user/STM32Cube/Example/TIM2_test/Core/Src/main.c:581:6:HAL_GPIO_EXTI_Callback	16	static
C:/Users/user/STM32Cube/Example/TIM2_test/Core/Src/main.c:596:6:Error_Handler	4	static,ignoring_inline_asm
