C:/Users/user/STM32Cube/Example/ADC_cds/Core/Src/main.c:52:5:__io_putchar	16	static
C:/Users/user/STM32Cube/Example/ADC_cds/Core/Src/main.c:79:5:main	8	static
C:/Users/user/STM32Cube/Example/ADC_cds/Core/Src/main.c:140:6:SystemClock_Config	88	static
C:/Users/user/STM32Cube/Example/ADC_cds/Core/Src/main.c:192:13:MX_NVIC_Init	8	static
C:/Users/user/STM32Cube/Example/ADC_cds/Core/Src/main.c:207:13:MX_ADC1_Init	24	static
C:/Users/user/STM32Cube/Example/ADC_cds/Core/Src/main.c:287:13:MX_USART1_UART_Init	8	static
C:/Users/user/STM32Cube/Example/ADC_cds/Core/Src/main.c:320:13:MX_GPIO_Init	16	static
C:/Users/user/STM32Cube/Example/ADC_cds/Core/Src/main.c:330:6:HAL_ADC_ConvCpltCallback	16	static
C:/Users/user/STM32Cube/Example/ADC_cds/Core/Src/main.c:357:6:Error_Handler	4	static,ignoring_inline_asm
